Archive member included to satisfy reference by file (symbol)

c:/users/lenovo/downloads/programs/embedded_tools/03- imt sdk/imt_sdk_win_64/imt_sdk_win_64/winarm/armgcc/bin/../lib/gcc/arm-none-eabi/7.2.1/thumb/v7-m\libgcc.a(_arm_muldivdf3.o)
                              ./src/MCAL/SYSTICK/SYSTICK_prg.o (__aeabi_dmul)
c:/users/lenovo/downloads/programs/embedded_tools/03- imt sdk/imt_sdk_win_64/imt_sdk_win_64/winarm/armgcc/bin/../lib/gcc/arm-none-eabi/7.2.1/thumb/v7-m\libgcc.a(_arm_fixunsdfsi.o)
                              ./src/MCAL/SYSTICK/SYSTICK_prg.o (__aeabi_d2uiz)
c:/users/lenovo/downloads/programs/embedded_tools/03- imt sdk/imt_sdk_win_64/imt_sdk_win_64/winarm/armgcc/bin/../lib/gcc/arm-none-eabi/7.2.1/../../../../arm-none-eabi/lib/thumb/v7-m\libg_nano.a(lib_a-errno.o)
                              ./system/src/newlib/_sbrk.o (__errno)
c:/users/lenovo/downloads/programs/embedded_tools/03- imt sdk/imt_sdk_win_64/imt_sdk_win_64/winarm/armgcc/bin/../lib/gcc/arm-none-eabi/7.2.1/../../../../arm-none-eabi/lib/thumb/v7-m\libg_nano.a(lib_a-impure.o)
                              c:/users/lenovo/downloads/programs/embedded_tools/03- imt sdk/imt_sdk_win_64/imt_sdk_win_64/winarm/armgcc/bin/../lib/gcc/arm-none-eabi/7.2.1/../../../../arm-none-eabi/lib/thumb/v7-m\libg_nano.a(lib_a-errno.o) (_impure_ptr)
c:/users/lenovo/downloads/programs/embedded_tools/03- imt sdk/imt_sdk_win_64/imt_sdk_win_64/winarm/armgcc/bin/../lib/gcc/arm-none-eabi/7.2.1/../../../../arm-none-eabi/lib/thumb/v7-m\libg_nano.a(lib_a-strlen.o)
                              ./system/src/diag/Trace.o (strlen)
c:/users/lenovo/downloads/programs/embedded_tools/03- imt sdk/imt_sdk_win_64/imt_sdk_win_64/winarm/armgcc/bin/../lib/gcc/arm-none-eabi/7.2.1/../../../../arm-none-eabi/lib/thumb/v7-m\libg_nano.a(lib_a-vsnprintf.o)
                              ./system/src/diag/Trace.o (vsnprintf)
c:/users/lenovo/downloads/programs/embedded_tools/03- imt sdk/imt_sdk_win_64/imt_sdk_win_64/winarm/armgcc/bin/../lib/gcc/arm-none-eabi/7.2.1/../../../../arm-none-eabi/lib/thumb/v7-m\libg_nano.a(lib_a-nano-svfprintf.o)
                              c:/users/lenovo/downloads/programs/embedded_tools/03- imt sdk/imt_sdk_win_64/imt_sdk_win_64/winarm/armgcc/bin/../lib/gcc/arm-none-eabi/7.2.1/../../../../arm-none-eabi/lib/thumb/v7-m\libg_nano.a(lib_a-vsnprintf.o) (_svfprintf_r)
c:/users/lenovo/downloads/programs/embedded_tools/03- imt sdk/imt_sdk_win_64/imt_sdk_win_64/winarm/armgcc/bin/../lib/gcc/arm-none-eabi/7.2.1/../../../../arm-none-eabi/lib/thumb/v7-m\libg_nano.a(lib_a-nano-vfprintf_i.o)
                              c:/users/lenovo/downloads/programs/embedded_tools/03- imt sdk/imt_sdk_win_64/imt_sdk_win_64/winarm/armgcc/bin/../lib/gcc/arm-none-eabi/7.2.1/../../../../arm-none-eabi/lib/thumb/v7-m\libg_nano.a(lib_a-nano-svfprintf.o) (_printf_i)
c:/users/lenovo/downloads/programs/embedded_tools/03- imt sdk/imt_sdk_win_64/imt_sdk_win_64/winarm/armgcc/bin/../lib/gcc/arm-none-eabi/7.2.1/../../../../arm-none-eabi/lib/thumb/v7-m\libg_nano.a(lib_a-memchr-stub.o)
                              c:/users/lenovo/downloads/programs/embedded_tools/03- imt sdk/imt_sdk_win_64/imt_sdk_win_64/winarm/armgcc/bin/../lib/gcc/arm-none-eabi/7.2.1/../../../../arm-none-eabi/lib/thumb/v7-m\libg_nano.a(lib_a-nano-svfprintf.o) (memchr)
c:/users/lenovo/downloads/programs/embedded_tools/03- imt sdk/imt_sdk_win_64/imt_sdk_win_64/winarm/armgcc/bin/../lib/gcc/arm-none-eabi/7.2.1/../../../../arm-none-eabi/lib/thumb/v7-m\libg_nano.a(lib_a-memcpy-stub.o)
                              c:/users/lenovo/downloads/programs/embedded_tools/03- imt sdk/imt_sdk_win_64/imt_sdk_win_64/winarm/armgcc/bin/../lib/gcc/arm-none-eabi/7.2.1/../../../../arm-none-eabi/lib/thumb/v7-m\libg_nano.a(lib_a-nano-svfprintf.o) (memcpy)
c:/users/lenovo/downloads/programs/embedded_tools/03- imt sdk/imt_sdk_win_64/imt_sdk_win_64/winarm/armgcc/bin/../lib/gcc/arm-none-eabi/7.2.1/../../../../arm-none-eabi/lib/thumb/v7-m\libg_nano.a(lib_a-memmove.o)
                              c:/users/lenovo/downloads/programs/embedded_tools/03- imt sdk/imt_sdk_win_64/imt_sdk_win_64/winarm/armgcc/bin/../lib/gcc/arm-none-eabi/7.2.1/../../../../arm-none-eabi/lib/thumb/v7-m\libg_nano.a(lib_a-nano-svfprintf.o) (memmove)
c:/users/lenovo/downloads/programs/embedded_tools/03- imt sdk/imt_sdk_win_64/imt_sdk_win_64/winarm/armgcc/bin/../lib/gcc/arm-none-eabi/7.2.1/../../../../arm-none-eabi/lib/thumb/v7-m\libg_nano.a(lib_a-nano-freer.o)
                              c:/users/lenovo/downloads/programs/embedded_tools/03- imt sdk/imt_sdk_win_64/imt_sdk_win_64/winarm/armgcc/bin/../lib/gcc/arm-none-eabi/7.2.1/../../../../arm-none-eabi/lib/thumb/v7-m\libg_nano.a(lib_a-nano-svfprintf.o) (_free_r)
c:/users/lenovo/downloads/programs/embedded_tools/03- imt sdk/imt_sdk_win_64/imt_sdk_win_64/winarm/armgcc/bin/../lib/gcc/arm-none-eabi/7.2.1/../../../../arm-none-eabi/lib/thumb/v7-m\libg_nano.a(lib_a-nano-mallocr.o)
[...]
Memory Configuration

Name             Origin             Length             Attributes
RAM              0x20000000         0x00005000         xrw
CCMRAM           0x00000000         0x00000000         xrw
FLASH            0x08000000         0x00010000         xr
FLASHB1          0x00000000         0x00000000         xr
EXTMEMB0         0x00000000         0x00000000         xr
EXTMEMB1         0x00000000         0x00000000         xr
EXTMEMB2         0x00000000         0x00000000         xr
EXTMEMB3         0x00000000         0x00000000         xr
MEMORY_ARRAY     0x00000000         0x00000000         xrw
*default*        0x00000000         0xffffffff

Linker script and memory map

LOAD ./system/src/stm32f1-stdperiph/misc.o
LOAD ./system/src/stm32f1-stdperiph/stm32f10x_gpio.o
LOAD ./system/src/stm32f1-stdperiph/stm32f10x_rcc.o
LOAD ./system/src/newlib/_cxx.o
LOAD ./system/src/newlib/_exit.o
LOAD ./system/src/newlib/_sbrk.o
LOAD ./system/src/newlib/_startup.o
LOAD ./system/src/newlib/_syscalls.o
LOAD ./system/src/newlib/assert.o
LOAD ./system/src/diag/Trace.o
LOAD ./system/src/diag/trace_impl.o
LOAD ./system/src/cortexm/_initialize_hardware.o
LOAD ./system/src/cortexm/_reset_hardware.o
LOAD ./system/src/cortexm/exception_handlers.o
LOAD ./system/src/cmsis/system_stm32f10x.o
LOAD ./system/src/cmsis/vectors_stm32f10x.o
LOAD ./src/MCAL/USART/USART_prg.o
LOAD ./src/MCAL/TIM/TIM_prg.o
LOAD ./src/MCAL/SYSTICK/SYSTICK_prg.o
LOAD ./src/MCAL/SPI/SPI_prg.o
LOAD ./src/MCAL/RTOS/RTOS_prg.o
LOAD ./src/MCAL/RCC/RCC_prg.o
LOAD ./src/MCAL/NVIC/NVIC_prg.o
LOAD ./src/MCAL/GPIO/GPIO_prg.o
LOAD ./src/MCAL/FLASH/FLASH_prg.o
LOAD ./src/MCAL/EXTI/EXTI_prg.o
LOAD ./src/MCAL/DMA/DMA_prg.o
LOAD ./src/MCAL/AFIO/AFIO_prg.o
LOAD ./src/HAL/TFT/TFT_prg.o
LOAD ./src/HAL/SSD/SSD_prg.o
LOAD ./src/HAL/S2P/S2P_prg.o
LOAD ./src/HAL/LEDMAT_S2P/LEDMAT_S2P_prg.o
LOAD ./src/HAL/LEDMAT/LEDMAT_prg.o
LOAD ./src/HAL/IR/IR_prg.o
LOAD ./src/HAL/DAC/DAC_prg.o
LOAD ./src/APP/TICTACTOE/TICTACTOE_prg.o
LOAD ./src/APP/SNAKE/SNAKE_prg.o
LOAD ./src/APP/HexParser/HexParser_prg.o
LOAD ./src/APP/GAME/GAME_prg.o
LOAD ./src/APP/CONNECT4/CONNECT4_prg.o
LOAD ./src/APP/main.o
LOAD c:/users/lenovo/downloads/programs/embedded_tools/03- imt sdk/imt_sdk_win_64/imt_sdk_win_64/winarm/armgcc/bin/../lib/gcc/arm-none-eabi/7.2.1/../../../../arm-none-eabi/lib/thumb/v7-m\libstdc++_nano.a
LOAD c:/users/lenovo/downloads/programs/embedded_tools/03- imt sdk/imt_sdk_win_64/imt_sdk_win_64/winarm/armgcc/bin/../lib/gcc/arm-none-eabi/7.2.1/../../../../arm-none-eabi/lib/thumb/v7-m\libm.a
START GROUP
LOAD c:/users/lenovo/downloads/programs/embedded_tools/03- imt sdk/imt_sdk_win_64/imt_sdk_win_64/winarm/armgcc/bin/../lib/gcc/arm-none-eabi/7.2.1/thumb/v7-m\libgcc.a
LOAD c:/users/lenovo/downloads/programs/embedded_tools/03- imt sdk/imt_sdk_win_64/imt_sdk_win_64/winarm/armgcc/bin/../lib/gcc/arm-none-eabi/7.2.1/../../../../arm-none-eabi/lib/thumb/v7-m\libg_nano.a
LOAD c:/users/lenovo/downloads/programs/embedded_tools/03- imt sdk/imt_sdk_win_64/imt_sdk_win_64/winarm/armgcc/bin/../lib/gcc/arm-none-eabi/7.2.1/../../../../arm-none-eabi/lib/thumb/v7-m\libc_nano.a
END GROUP
START GROUP
LOAD c:/users/lenovo/downloads/programs/embedded_tools/03- imt sdk/imt_sdk_win_64/imt_sdk_win_64/winarm/armgcc/bin/../lib/gcc/arm-none-eabi/7.2.1/thumb/v7-m\libgcc.a
LOAD c:/users/lenovo/downloads/programs/embedded_tools/03- imt sdk/imt_sdk_win_64/imt_sdk_win_64/winarm/armgcc/bin/../lib/gcc/arm-none-eabi/7.2.1/../../../../arm-none-eabi/lib/thumb/v7-m\libc_nano.a
END GROUP
                0x20005000                __stack = (ORIGIN (RAM) + LENGTH (RAM))
                0x20005000                _estack = __stack
                0x00000400                __Main_Stack_Size = 0x400
                [!provide]                PROVIDE (_Main_Stack_Size, __Main_Stack_Size)
                0x20004c00                __Main_Stack_Limit = (__stack - __Main_Stack_Size)
                [!provide]                PROVIDE (_Main_Stack_Limit, __Main_Stack_Limit)
                0x00000100                _Minimum_Stack_Size = 0x100
                0x20000470                PROVIDE (_Heap_Begin, _end_noinit)
                0x20004c00                PROVIDE (_Heap_Limit, (__stack - __Main_Stack_Size))

.isr_vector     0x08000000      0x350
 FILL mask 0xff
                0x08000000                __vectors_start = ABSOLUTE (.)
                0x08000000                __vectors_start__ = ABSOLUTE (.)
 *(.isr_vector)
 .isr_vector    0x08000000      0x10c ./system/src/cmsis/vectors_stm32f10x.o
                0x08000000                __isr_vectors
 *(.cfmconfig)
 *(.after_vectors .after_vectors.*)
 .after_vectors
                0x0800010c      0x114 ./system/src/newlib/_startup.o
                0x0800010c                _start
 .after_vectors
                0x08000220      0x12c ./system/src/cortexm/exception_handlers.o
                0x08000220                Reset_Handler
                0x08000226                NMI_Handler
                0x0800022a                HardFault_Handler
                0x0800023e                HardFault_Handler_C
                0x0800029c                MemManage_Handler
                0x080002a0                BusFault_Handler
                0x080002b4                BusFault_Handler_C
                0x080002e8                UsageFault_Handler
                0x080002fc                UsageFault_Handler_C
                0x08000330                SVC_Handler
                0x08000334                DebugMon_Handler
                0x08000338                PendSV_Handler
 .after_vectors
                0x0800034c        0x4 ./system/src/cmsis/vectors_stm32f10x.o
                0x0800034c                TIM8_TRG_COM_IRQHandler
                0x0800034c                TIM8_CC_IRQHandler
                0x0800034c                TIM1_CC_IRQHandler
                0x0800034c                TIM6_IRQHandler
                0x0800034c                PVD_IRQHandler
                0x0800034c                SDIO_IRQHandler
                0x0800034c                CAN2_RX1_IRQHandler
                0x0800034c                TIM8_TRG_COM_TIM14_IRQHandler
                0x0800034c                TIM1_UP_TIM10_IRQHandler
                0x0800034c                TIM8_UP_TIM13_IRQHandler
                0x0800034c                I2C2_EV_IRQHandler
                0x0800034c                CAN1_RX0_IRQHandler
                0x0800034c                TIM1_UP_TIM16_IRQHandler
                0x0800034c                CAN2_SCE_IRQHandler
                0x0800034c                ADC1_2_IRQHandler
                0x0800034c                SPI1_IRQHandler
                0x0800034c                TAMPER_IRQHandler
                0x0800034c                TIM6_DAC_IRQHandler
                0x0800034c                TIM1_BRK_TIM9_IRQHandler
                0x0800034c                CAN2_RX0_IRQHandler
                0x0800034c                TIM8_UP_IRQHandler
                0x0800034c                DMA2_Channel2_IRQHandler
                0x0800034c                USART3_IRQHandler
                0x0800034c                RTC_IRQHandler
                0x0800034c                DMA1_Channel7_IRQHandler
                0x0800034c                CAN1_RX1_IRQHandler
                0x0800034c                UART5_IRQHandler
                0x0800034c                ADC3_IRQHandler
                0x0800034c                TIM4_IRQHandler
                0x0800034c                DMA2_Channel1_IRQHandler
                0x0800034c                I2C1_EV_IRQHandler
                0x0800034c                DMA1_Channel6_IRQHandler
                0x0800034c                UART4_IRQHandler
                0x0800034c                DMA2_Channel4_IRQHandler
                0x0800034c                TIM3_IRQHandler
                0x0800034c                RCC_IRQHandler
                0x0800034c                TIM8_BRK_TIM12_IRQHandler
                0x0800034c                TIM1_TRG_COM_IRQHandler
                0x0800034c                Default_Handler
                0x0800034c                CEC_IRQHandler
                0x0800034c                EXTI15_10_IRQHandler
                0x0800034c                TIM14_IRQHandler
                0x0800034c                TIM13_IRQHandler
                0x0800034c                TIM12_IRQHandler
                0x0800034c                TIM7_IRQHandler
                0x0800034c                CAN2_TX_IRQHandler
                0x0800034c                TIM5_IRQHandler
                0x0800034c                EXTI9_5_IRQHandler
                0x0800034c                ETH_WKUP_IRQHandler
                0x0800034c                SPI2_IRQHandler
                0x0800034c                CAN1_TX_IRQHandler
                0x0800034c                DMA2_Channel5_IRQHandler
                0x0800034c                DMA1_Channel5_IRQHandler
                0x0800034c                EXTI4_IRQHandler
                0x0800034c                USB_LP_CAN1_RX0_IRQHandler
                0x0800034c                TIM1_TRG_COM_TIM17_IRQHandler
                0x0800034c                USB_HP_CAN1_TX_IRQHandler
                0x0800034c                DMA1_Channel3_IRQHandler
                0x0800034c                FSMC_IRQHandler
                0x0800034c                ETH_IRQHandler
                0x0800034c                TIM1_UP_IRQHandler
                0x0800034c                WWDG_IRQHandler
                0x0800034c                TIM2_IRQHandler
                0x0800034c                OTG_FS_WKUP_IRQHandler
                0x0800034c                TIM1_TRG_COM_TIM11_IRQHandler
                0x0800034c                TIM1_BRK_IRQHandler
                0x0800034c                RTCAlarm_IRQHandler
                0x0800034c                DMA2_Channel4_5_IRQHandler
                0x0800034c                USART2_IRQHandler
                0x0800034c                I2C2_ER_IRQHandler
                0x0800034c                DMA1_Channel2_IRQHandler
                0x0800034c                TIM8_BRK_IRQHandler
                0x0800034c                CAN1_SCE_IRQHandler
                0x0800034c                FLASH_IRQHandler
                0x0800034c                OTG_FS_IRQHandler
                0x0800034c                SPI3_IRQHandler
                0x0800034c                I2C1_ER_IRQHandler
                0x0800034c                USBWakeUp_IRQHandler
                0x0800034c                DMA2_Channel3_IRQHandler
                0x0800034c                TIM1_BRK_TIM15_IRQHandler

.inits          0x08000350       0x28
                0x08000350                __data_regions_array_start = .
                0x08000350        0x4 LONG 0x800337c LOADADDR (.data)
                0x08000354        0x4 LONG 0x20000000 ADDR (.data)
                0x08000358        0x4 LONG 0x200000a0 (ADDR (.data) + SIZEOF (.data))
                0x0800035c        0x4 LONG 0x800337c LOADADDR (.data_CCMRAM)
                0x08000360        0x4 LONG 0x0 ADDR (.data_CCMRAM)
                0x08000364        0x4 LONG 0x0 (ADDR (.data_CCMRAM) + SIZEOF (.data_CCMRAM))
                0x08000368                __data_regions_array_end = .
                0x08000368                __bss_regions_array_start = .
                0x08000368        0x4 LONG 0x200000a0 ADDR (.bss)
                0x0800036c        0x4 LONG 0x20000470 (ADDR (.bss) + SIZEOF (.bss))
                0x08000370        0x4 LONG 0x0 ADDR (.bss_CCMRAM)
                0x08000374        0x4 LONG 0x0 (ADDR (.bss_CCMRAM) + SIZEOF (.bss_CCMRAM))
                0x08000378                __bss_regions_array_end = .
 *(.init)
 *(.fini)
                0x08000378                . = ALIGN (0x4)
                0x08000378                PROVIDE (__preinit_array_start, .)
 *(.preinit_array_sysinit .preinit_array_sysinit.*)
 *(.preinit_array_platform .preinit_array_platform.*)
 *(.preinit_array .preinit_array.*)
                0x08000378                PROVIDE (__preinit_array_end, .)
                0x08000378                . = ALIGN (0x4)
                0x08000378                PROVIDE (__init_array_start, .)
 *(SORT_BY_NAME(.init_array.*))
 *(.init_array)
                0x08000378                PROVIDE (__init_array_end, .)
                0x08000378                . = ALIGN (0x4)
                0x08000378                PROVIDE (__fini_array_start, .)
 *(SORT_BY_NAME(.fini_array.*))
 *(.fini_array)
                0x08000378                PROVIDE (__fini_array_end, .)

.flashtext
 *(.flashtext .flashtext.*)

.text           0x08000378     0x3003
 *(.text .text.*)
 .text._exit    0x08000378        0x2 ./system/src/newlib/_exit.o
                0x08000378                _exit
 *fill*         0x0800037a        0x2 
 .text._sbrk    0x0800037c       0x44 ./system/src/newlib/_sbrk.o
                0x0800037c                _sbrk
 .text.__initialize_args
                0x080003c0       0x10 ./system/src/newlib/_syscalls.o
                0x080003c0                __initialize_args
 .text.trace_printf
                0x080003d0       0x30 ./system/src/diag/Trace.o
                0x080003d0                trace_printf
 .text._trace_write_semihosting_debug
                0x08000400       0x60 ./system/src/diag/trace_impl.o
 .text.trace_write
                0x08000460        0x8 ./system/src/diag/trace_impl.o
                0x08000460                trace_write
 .text.__initialize_hardware_early
                0x08000468       0x18 ./system/src/cortexm/_initialize_hardware.o
                0x08000468                __initialize_hardware_early
 .text.__initialize_hardware
                0x08000480        0x8 ./system/src/cortexm/_initialize_hardware.o
                0x08000480                __initialize_hardware
 .text.dumpExceptionStack
                0x08000488       0xf4 ./system/src/cortexm/exception_handlers.o
                0x08000488                dumpExceptionStack
 .text.isSemihosting
                0x0800057c       0x20 ./system/src/cortexm/exception_handlers.o
                0x0800057c                isSemihosting
 .text.SetSysClockTo72
                0x0800059c       0xc4 ./system/src/cmsis/system_stm32f10x.o
 .text.SetSysClock
                0x08000660        0x8 ./system/src/cmsis/system_stm32f10x.o
 .text.SystemInit
                0x08000668       0x50 ./system/src/cmsis/system_stm32f10x.o
                0x08000668                SystemInit
 .text.SystemCoreClockUpdate
                0x080006b8       0x94 ./system/src/cmsis/system_stm32f10x.o
                0x080006b8                SystemCoreClockUpdate
 .text.MUSART_vDisable_TX_Interrupt
                0x0800074c       0x10 ./src/MCAL/USART/USART_prg.o
                0x0800074c                MUSART_vDisable_TX_Interrupt
 .text.MUSART_vEnable_TC_Interrupt
                0x0800075c       0x10 ./src/MCAL/USART/USART_prg.o
                0x0800075c                MUSART_vEnable_TC_Interrupt
 .text.MUSART_vDisable_TC_Interrupt
                0x0800076c       0x10 ./src/MCAL/USART/USART_prg.o
                0x0800076c                MUSART_vDisable_TC_Interrupt
 .text.USART1_IRQHandler
                0x0800077c       0x74 ./src/MCAL/USART/USART_prg.o
                0x0800077c                USART1_IRQHandler
 .text.MTIM_vInit
                0x080007f0       0x40 ./src/MCAL/TIM/TIM_prg.o
                0x080007f0                MTIM_vInit
 .text.MTIM_vStart
                0x08000830        0xe ./src/MCAL/TIM/TIM_prg.o
                0x08000830                MTIM_vStart
 .text.MTIM_u32GetCounter
                0x0800083e        0x8 ./src/MCAL/TIM/TIM_prg.o
                0x0800083e                MTIM_u32GetCounter
 .text.MTIM_u32GetElapsed
                0x08000846       0x18 ./src/MCAL/TIM/TIM_prg.o
                0x08000846                MTIM_u32GetElapsed
 .text.MTIM_vSetDelayUS
                0x0800085e       0x16 ./src/MCAL/TIM/TIM_prg.o
                0x0800085e                MTIM_vSetDelayUS
 .text.MTIM_vSetDelayMS
                0x08000874       0x16 ./src/MCAL/TIM/TIM_prg.o
                0x08000874                MTIM_vSetDelayMS
 *fill*         0x0800088a        0x2 
 .text.MSYSTICK_vStopTimer
                0x0800088c       0x14 ./src/MCAL/SYSTICK/SYSTICK_prg.o
                0x0800088c                MSYSTICK_vStopTimer
 .text.SysTick_Handler
                0x080008a0       0x24 ./src/MCAL/SYSTICK/SYSTICK_prg.o
                0x080008a0                SysTick_Handler
 .text.MSPI_vInit
                0x080008c4       0x50 ./src/MCAL/SPI/SPI_prg.o
                0x080008c4                MSPI_vInit
 .text.MSPI_u16Transceive
                0x08000914       0x2c ./src/MCAL/SPI/SPI_prg.o
                0x08000914                MSPI_u16Transceive
 .text.MRCC_vInit
                0x08000940       0x2c ./src/MCAL/RCC/RCC_prg.o
                0x08000940                MRCC_vInit
 .text.MRCC_vEnableClk
                0x0800096c       0x40 ./src/MCAL/RCC/RCC_prg.o
                0x0800096c                MRCC_vEnableClk
 .text.MNVIC_vEnablePeripheralINT
                0x080009ac       0x24 ./src/MCAL/NVIC/NVIC_prg.o
                0x080009ac                MNVIC_vEnablePeripheralINT
 .text.MNVIC_vDisablePeripheralINT
                0x080009d0       0x24 ./src/MCAL/NVIC/NVIC_prg.o
                0x080009d0                MNVIC_vDisablePeripheralINT
 .text.MGPIO_vSetPinValue
                0x080009f4       0x94 ./src/MCAL/GPIO/GPIO_prg.o
                0x080009f4                MGPIO_vSetPinValue
 .text.MGPIO_vPinInit
                0x08000a88       0xd4 ./src/MCAL/GPIO/GPIO_prg.o
                0x08000a88                MGPIO_vPinInit
 .text.MEXTI_vInit
                0x08000b5c       0x10 ./src/MCAL/EXTI/EXTI_prg.o
                0x08000b5c                MEXTI_vInit
 .text.MEXTI_vEnableINT
                0x08000b6c       0x18 ./src/MCAL/EXTI/EXTI_prg.o
                0x08000b6c                MEXTI_vEnableINT
 .text.MEXTI_vSetTrigger
                0x08000b84       0x5c ./src/MCAL/EXTI/EXTI_prg.o
                0x08000b84                MEXTI_vSetTrigger
 .text.MEXTI_vSetCallBack
                0x08000be0       0x10 ./src/MCAL/EXTI/EXTI_prg.o
                0x08000be0                MEXTI_vSetCallBack
 .text.EXTI0_IRQHandler
                0x08000bf0       0x20 ./src/MCAL/EXTI/EXTI_prg.o
                0x08000bf0                EXTI0_IRQHandler
 .text.EXTI1_IRQHandler
                0x08000c10       0x20 ./src/MCAL/EXTI/EXTI_prg.o
                0x08000c10                EXTI1_IRQHandler
 .text.EXTI2_IRQHandler
                0x08000c30       0x20 ./src/MCAL/EXTI/EXTI_prg.o
                0x08000c30                EXTI2_IRQHandler
 .text.EXTI3_IRQHandler
                0x08000c50       0x20 ./src/MCAL/EXTI/EXTI_prg.o
                0x08000c50                EXTI3_IRQHandler
 .text.DMA1_Channel1_IRQHandler
                0x08000c70       0x20 ./src/MCAL/DMA/DMA_prg.o
                0x08000c70                DMA1_Channel1_IRQHandler
 .text.DMA1_Channel4_IRQHandler
                0x08000c90       0x20 ./src/MCAL/DMA/DMA_prg.o
                0x08000c90                DMA1_Channel4_IRQHandler
 .text.MAFIO_vSetLinePort
                0x08000cb0       0x34 ./src/MCAL/AFIO/AFIO_prg.o
                0x08000cb0                MAFIO_vSetLinePort
 .text.HTFT_vReset
                0x08000ce4       0x5c ./src/HAL/TFT/TFT_prg.o
 .text.Write_data
                0x08000d40       0x1c ./src/HAL/TFT/TFT_prg.o
 .text.Write_cmd
                0x08000d5c       0x1c ./src/HAL/TFT/TFT_prg.o
 .text.HTFT_vInit
                0x08000d78       0x40 ./src/HAL/TFT/TFT_prg.o
                0x08000d78                HTFT_vInit
 .text.HTFT_vSetXPos
                0x08000db8       0x38 ./src/HAL/TFT/TFT_prg.o
                0x08000db8                HTFT_vSetXPos
 .text.HTFT_vSetYPos
                0x08000df0       0x38 ./src/HAL/TFT/TFT_prg.o
                0x08000df0                HTFT_vSetYPos
 .text.HTFT_vFillRectangle
                0x08000e28       0x54 ./src/HAL/TFT/TFT_prg.o
                0x08000e28                HTFT_vFillRectangle
 .text.HTFT_vFillBackgroundColor
                0x08000e7c       0x1c ./src/HAL/TFT/TFT_prg.o
                0x08000e7c                HTFT_vFillBackgroundColor
 .text.HTFT_vDrawVerticalLine
                0x08000e98       0x2a ./src/HAL/TFT/TFT_prg.o
                0x08000e98                HTFT_vDrawVerticalLine
 .text.HTFT_vDrawHorizontalLine
                0x08000ec2       0x2a ./src/HAL/TFT/TFT_prg.o
                0x08000ec2                HTFT_vDrawHorizontalLine
 .text.HTFT_vDrawGrid
                0x08000eec       0xb4 ./src/HAL/TFT/TFT_prg.o
                0x08000eec                HTFT_vDrawGrid
 .text.HTFT_vDrawChar
                0x08000fa0       0xf0 ./src/HAL/TFT/TFT_prg.o
                0x08000fa0                HTFT_vDrawChar
 .text.HTFT_vWriteString
                0x08001090       0x78 ./src/HAL/TFT/TFT_prg.o
                0x08001090                HTFT_vWriteString
 .text.HIR_u32ToMicroseconds
                0x08001108       0x18 ./src/HAL/IR/IR_prg.o
 .text.HIR_u8InRange
                0x08001120       0x14 ./src/HAL/IR/IR_prg.o
 .text.HIR_vResetFrame
                0x08001134       0x24 ./src/HAL/IR/IR_prg.o
 .text.HIR_u32MeasurePulse
                0x08001158       0x28 ./src/HAL/IR/IR_prg.o
                0x08001158                HIR_u32MeasurePulse
 .text.HIR_u8DecodeFrame
                0x08001180       0x3e ./src/HAL/IR/IR_prg.o
                0x08001180                HIR_u8DecodeFrame
 *fill*         0x080011be        0x2 
 .text.HIR_vOnEdge
                0x080011c0       0xf4 ./src/HAL/IR/IR_prg.o
 .text.HIR_vReset
                0x080012b4       0x20 ./src/HAL/IR/IR_prg.o
                0x080012b4                HIR_vReset
 .text.HIR_vResume
                0x080012d4        0x8 ./src/HAL/IR/IR_prg.o
                0x080012d4                HIR_vResume
 .text.HIR_vInit
                0x080012dc       0x4c ./src/HAL/IR/IR_prg.o
                0x080012dc                HIR_vInit
 .text.TICTACTOE_u8HasWinner
                0x08001328       0xec ./src/APP/TICTACTOE/TICTACTOE_prg.o
 .text.TICTACTOE_u8IsDraw
                0x08001414       0x2c ./src/APP/TICTACTOE/TICTACTOE_prg.o
 .text.TICTACTOE_vDrawCursor
                0x08001440       0x50 ./src/APP/TICTACTOE/TICTACTOE_prg.o
 .text.TICTACTOE_vDrawCell
                0x08001490       0x78 ./src/APP/TICTACTOE/TICTACTOE_prg.o
 .text.TICTACTOE_vUpdateCursor
                0x08001508       0x88 ./src/APP/TICTACTOE/TICTACTOE_prg.o
 .text.TICTACTOE_vBtnLeft
                0x08001590       0x18 ./src/APP/TICTACTOE/TICTACTOE_prg.o
                0x08001590                TICTACTOE_vBtnLeft
 .text.TICTACTOE_vBtnRight
                0x080015a8       0x1c ./src/APP/TICTACTOE/TICTACTOE_prg.o
                0x080015a8                TICTACTOE_vBtnRight
 .text.TICTACTOE_vBtnUp
                0x080015c4       0x18 ./src/APP/TICTACTOE/TICTACTOE_prg.o
                0x080015c4                TICTACTOE_vBtnUp
 .text.TICTACTOE_vBtnDown
                0x080015dc       0x1c ./src/APP/TICTACTOE/TICTACTOE_prg.o
                0x080015dc                TICTACTOE_vBtnDown
 .text.TICTACTOE_vBtnPlace
                0x080015f8        0xc ./src/APP/TICTACTOE/TICTACTOE_prg.o
                0x080015f8                TICTACTOE_vBtnPlace
 .text.TICTACTOE_vBtnExit
                0x08001604        0xc ./src/APP/TICTACTOE/TICTACTOE_prg.o
                0x08001604                TICTACTOE_vBtnExit
 .text.TICTACTOE_vHandleIRCommand
                0x08001610       0x40 ./src/APP/TICTACTOE/TICTACTOE_prg.o
                0x08001610                TICTACTOE_vHandleIRCommand
 .text.TICTACTOE_vInit
                0x08001650       0xa8 ./src/APP/TICTACTOE/TICTACTOE_prg.o
                0x08001650                TICTACTOE_vInit
 .text.TICTACTOE_vPlay
                0x080016f8      0x128 ./src/APP/TICTACTOE/TICTACTOE_prg.o
                0x080016f8                TICTACTOE_vPlay
 .text.SNAKE_u8IsSnakeCell
                0x08001820       0x34 ./src/APP/SNAKE/SNAKE_prg.o
 .text.SNAKE_u32GetRandom
                0x08001854       0x18 ./src/APP/SNAKE/SNAKE_prg.o
 .text.SNAKE_vPlaceFood
                0x0800186c       0x84 ./src/APP/SNAKE/SNAKE_prg.o
 .text.SNAKE_vResetRound
                0x080018f0       0x9c ./src/APP/SNAKE/SNAKE_prg.o
 .text.SNAKE_vDrawBoard
                0x0800198c       0x38 ./src/APP/SNAKE/SNAKE_prg.o
 .text.SNAKE_vDrawCell
                0x080019c4       0x22 ./src/APP/SNAKE/SNAKE_prg.o
 *fill*         0x080019e6        0x2 
 .text.SNAKE_vDrawRound
                0x080019e8       0x4c ./src/APP/SNAKE/SNAKE_prg.o
 .text.SNAKE_vMove
                0x08001a34      0x114 ./src/APP/SNAKE/SNAKE_prg.o
 .text.SNAKE_vSetRandomSeed
                0x08001b48       0x10 ./src/APP/SNAKE/SNAKE_prg.o
                0x08001b48                SNAKE_vSetRandomSeed
 .text.SNAKE_vHandleIRCommand
                0x08001b58       0x74 ./src/APP/SNAKE/SNAKE_prg.o
                0x08001b58                SNAKE_vHandleIRCommand
 .text.SNAKE_vInit
                0x08001bcc       0x2c ./src/APP/SNAKE/SNAKE_prg.o
                0x08001bcc                SNAKE_vInit
 .text.SNAKE_vPlay
                0x08001bf8       0x4c ./src/APP/SNAKE/SNAKE_prg.o
                0x08001bf8                SNAKE_vPlay
 .text.GAME_vEnterModeMenu
                0x08001c44       0x38 ./src/APP/GAME/GAME_prg.o
 .text.GAME_vNavigateDown
                0x08001c7c       0x40 ./src/APP/GAME/GAME_prg.o
 .text.GAME_vNavigateUp
                0x08001cbc       0x44 ./src/APP/GAME/GAME_prg.o
 .text.GAME_vSelect
                0x08001d00       0x88 ./src/APP/GAME/GAME_prg.o
 .text.GAME_vRenderSingleItem
                0x08001d88       0xb4 ./src/APP/GAME/GAME_prg.o
 .text.GAME_vRenderModeItem
                0x08001e3c       0x94 ./src/APP/GAME/GAME_prg.o
 .text.GAME_vDrawModeMenu
                0x08001ed0       0x5c ./src/APP/GAME/GAME_prg.o
 .text.GAME_vUpdateModeSelection
                0x08001f2c       0x2c ./src/APP/GAME/GAME_prg.o
 .text.GAME_vHandleIRCommand
                0x08001f58      0x118 ./src/APP/GAME/GAME_prg.o
                0x08001f58                GAME_vHandleIRCommand
 .text.GAME_vDrawMenu
                0x08002070       0x8c ./src/APP/GAME/GAME_prg.o
                0x08002070                GAME_vDrawMenu
 .text.GAME_vUpdateMenuSelection
                0x080020fc       0x2c ./src/APP/GAME/GAME_prg.o
                0x080020fc                GAME_vUpdateMenuSelection
 .text.GAME_vTaskHandler
                0x08002128       0xb4 ./src/APP/GAME/GAME_prg.o
                0x08002128                GAME_vTaskHandler
 .text.ConnectFour_u8CheckWin
                0x080021dc      0x17c ./src/APP/CONNECT4/CONNECT4_prg.o
 .text.ConnectFour_vDrawColumnCursor
                0x08002358       0x2a ./src/APP/CONNECT4/CONNECT4_prg.o
 *fill*         0x08002382        0x2 
 .text.ConnectFour_vUpdateCursor
                0x08002384       0x68 ./src/APP/CONNECT4/CONNECT4_prg.o
 .text.CONNECT4_vBtnLeft_ISR
                0x080023ec       0x18 ./src/APP/CONNECT4/CONNECT4_prg.o
                0x080023ec                CONNECT4_vBtnLeft_ISR
 .text.CONNECT4_vBtnDrop_ISR
                0x08002404        0xc ./src/APP/CONNECT4/CONNECT4_prg.o
                0x08002404                CONNECT4_vBtnDrop_ISR
 .text.CONNECT4_vBtnRight_ISR
                0x08002410       0x1c ./src/APP/CONNECT4/CONNECT4_prg.o
                0x08002410                CONNECT4_vBtnRight_ISR
 .text.CONNECT4_vBtnExit_ISR
                0x0800242c        0xc ./src/APP/CONNECT4/CONNECT4_prg.o
                0x0800242c                CONNECT4_vBtnExit_ISR
 .text.CONNECT4_vHandleIRCommand
                0x08002438       0x2c ./src/APP/CONNECT4/CONNECT4_prg.o
                0x08002438                CONNECT4_vHandleIRCommand
 .text.CONNECT4_vInit
                0x08002464       0xa0 ./src/APP/CONNECT4/CONNECT4_prg.o
                0x08002464                CONNECT4_vInit
 .text.CONNECT4_vPlay
                0x08002504      0x148 ./src/APP/CONNECT4/CONNECT4_prg.o
                0x08002504                CONNECT4_vPlay
 .text.IR_vCommandReceived
                0x0800264c        0xe ./src/APP/main.o
 *fill*         0x0800265a        0x2 
 .text.main     0x0800265c       0xa8 ./src/APP/main.o
                0x0800265c                main
 .text.__errno  0x08002704        0xc c:/users/lenovo/downloads/programs/embedded_tools/03- imt sdk/imt_sdk_win_64/imt_sdk_win_64/winarm/armgcc/bin/../lib/gcc/arm-none-eabi/7.2.1/../../../../arm-none-eabi/lib/thumb/v7-m\libg_nano.a(lib_a-errno.o)
                0x08002704                __errno
 .text._vsnprintf_r
                0x08002710       0x58 c:/users/lenovo/downloads/programs/embedded_tools/03- imt sdk/imt_sdk_win_64/imt_sdk_win_64/winarm/armgcc/bin/../lib/gcc/arm-none-eabi/7.2.1/../../../../arm-none-eabi/lib/thumb/v7-m\libg_nano.a(lib_a-vsnprintf.o)
                0x08002710                _vsniprintf_r
                0x08002710                _vsnprintf_r
 .text.vsnprintf
                0x08002768       0x1c c:/users/lenovo/downloads/programs/embedded_tools/03- imt sdk/imt_sdk_win_64/imt_sdk_win_64/winarm/armgcc/bin/../lib/gcc/arm-none-eabi/7.2.1/../../../../arm-none-eabi/lib/thumb/v7-m\libg_nano.a(lib_a-vsnprintf.o)
                0x08002768                vsniprintf
                0x08002768                vsnprintf
 .text.__ssputs_r
                0x08002784       0xb4 c:/users/lenovo/downloads/programs/embedded_tools/03- imt sdk/imt_sdk_win_64/imt_sdk_win_64/winarm/armgcc/bin/../lib/gcc/arm-none-eabi/7.2.1/../../../../arm-none-eabi/lib/thumb/v7-m\libg_nano.a(lib_a-nano-svfprintf.o)
                0x08002784                __ssputs_r
 .text._svfprintf_r
                0x08002838      0x1ec c:/users/lenovo/downloads/programs/embedded_tools/03- imt sdk/imt_sdk_win_64/imt_sdk_win_64/winarm/armgcc/bin/../lib/gcc/arm-none-eabi/7.2.1/../../../../arm-none-eabi/lib/thumb/v7-m\libg_nano.a(lib_a-nano-svfprintf.o)
                0x08002838                _svfiprintf_r
                0x08002838                _svfprintf_r
 .text._printf_common
                0x08002a24       0xec c:/users/lenovo/downloads/programs/embedded_tools/03- imt sdk/imt_sdk_win_64/imt_sdk_win_64/winarm/armgcc/bin/../lib/gcc/arm-none-eabi/7.2.1/../../../../arm-none-eabi/lib/thumb/v7-m\libg_nano.a(lib_a-nano-vfprintf_i.o)
                0x08002a24                _printf_common
 .text._printf_i
                0x08002b10      0x224 c:/users/lenovo/downloads/programs/embedded_tools/03- imt sdk/imt_sdk_win_64/imt_sdk_win_64/winarm/armgcc/bin/../lib/gcc/arm-none-eabi/7.2.1/../../../../arm-none-eabi/lib/thumb/v7-m\libg_nano.a(lib_a-nano-vfprintf_i.o)
                0x08002b10                _printf_i
 .text.memchr   0x08002d34       0x1c c:/users/lenovo/downloads/programs/embedded_tools/03- imt sdk/imt_sdk_win_64/imt_sdk_win_64/winarm/armgcc/bin/../lib/gcc/arm-none-eabi/7.2.1/../../../../arm-none-eabi/lib/thumb/v7-m\libg_nano.a(lib_a-memchr-stub.o)
                0x08002d34                memchr
 .text.memcpy   0x08002d50       0x16 c:/users/lenovo/downloads/programs/embedded_tools/03- imt sdk/imt_sdk_win_64/imt_sdk_win_64/winarm/armgcc/bin/../lib/gcc/arm-none-eabi/7.2.1/../../../../arm-none-eabi/lib/thumb/v7-m\libg_nano.a(lib_a-memcpy-stub.o)
                0x08002d50                memcpy
 .text.memmove  0x08002d66       0x32 c:/users/lenovo/downloads/programs/embedded_tools/03- imt sdk/imt_sdk_win_64/imt_sdk_win_64/winarm/armgcc/bin/../lib/gcc/arm-none-eabi/7.2.1/../../../../arm-none-eabi/lib/thumb/v7-m\libg_nano.a(lib_a-memmove.o)
                0x08002d66                memmove
 .text._free_r  0x08002d98       0x98 c:/users/lenovo/downloads/programs/embedded_tools/03- imt sdk/imt_sdk_win_64/imt_sdk_win_64/winarm/armgcc/bin/../lib/gcc/arm-none-eabi/7.2.1/../../../../arm-none-eabi/lib/thumb/v7-m\libg_nano.a(lib_a-nano-freer.o)
                0x08002d98                _free_r
 .text._malloc_r
                0x08002e30       0xb4 c:/users/lenovo/downloads/programs/embedded_tools/03- imt sdk/imt_sdk_win_64/imt_sdk_win_64/winarm/armgcc/bin/../lib/gcc/arm-none-eabi/7.2.1/../../../../arm-none-eabi/lib/thumb/v7-m\libg_nano.a(lib_a-nano-mallocr.o)
                0x08002e30                _malloc_r
 .text._realloc_r
                0x08002ee4       0x4c c:/users/lenovo/downloads/programs/embedded_tools/03- imt sdk/imt_sdk_win_64/imt_sdk_win_64/winarm/armgcc/bin/../lib/gcc/arm-none-eabi/7.2.1/../../../../arm-none-eabi/lib/thumb/v7-m\libg_nano.a(lib_a-nano-reallocr.o)
                0x08002ee4                _realloc_r
 .text._sbrk_r  0x08002f30       0x20 c:/users/lenovo/downloads/programs/embedded_tools/03- imt sdk/imt_sdk_win_64/imt_sdk_win_64/winarm/armgcc/bin/../lib/gcc/arm-none-eabi/7.2.1/../../../../arm-none-eabi/lib/thumb/v7-m\libg_nano.a(lib_a-sbrkr.o)
                0x08002f30                _sbrk_r
 .text.__malloc_lock
                0x08002f50        0x2 c:/users/lenovo/downloads/programs/embedded_tools/03- imt sdk/imt_sdk_win_64/imt_sdk_win_64/winarm/armgcc/bin/../lib/gcc/arm-none-eabi/7.2.1/../../../../arm-none-eabi/lib/thumb/v7-m\libg_nano.a(lib_a-mlock.o)
                0x08002f50                __malloc_lock
 .text.__malloc_unlock
                0x08002f52        0x2 c:/users/lenovo/downloads/programs/embedded_tools/03- imt sdk/imt_sdk_win_64/imt_sdk_win_64/winarm/armgcc/bin/../lib/gcc/arm-none-eabi/7.2.1/../../../../arm-none-eabi/lib/thumb/v7-m\libg_nano.a(lib_a-mlock.o)
                0x08002f52                __malloc_unlock
 .text._malloc_usable_size_r
                0x08002f54       0x10 c:/users/lenovo/downloads/programs/embedded_tools/03- imt sdk/imt_sdk_win_64/imt_sdk_win_64/winarm/armgcc/bin/../lib/gcc/arm-none-eabi/7.2.1/../../../../arm-none-eabi/lib/thumb/v7-m\libg_nano.a(lib_a-nano-msizer.o)
                0x08002f54                _malloc_usable_size_r
 *(.rodata .rodata.* .constdata .constdata.*)
 .rodata.dumpExceptionStack.str1.4
                0x08002f64      0x11a ./system/src/cortexm/exception_handlers.o
 *fill*         0x0800307e        0x2 
 .rodata.str1.4
                0x08003080       0x2a ./system/src/cortexm/exception_handlers.o
 *fill*         0x080030aa        0x2 
 .rodata.Font5x7
                0x080030ac      0x1d6 ./src/HAL/TFT/TFT_prg.o
 *fill*         0x08003282        0x2 
 .rodata.TICTACTOE_vDrawCell.str1.4
                0x08003284        0x6 ./src/APP/TICTACTOE/TICTACTOE_prg.o
 *fill*         0x0800328a        0x2 
 .rodata.TICTACTOE_vInit.str1.4
                0x0800328c        0xc ./src/APP/TICTACTOE/TICTACTOE_prg.o
 .rodata.TICTACTOE_vPlay.str1.4
                0x08003298       0x15 ./src/APP/TICTACTOE/TICTACTOE_prg.o
 *fill*         0x080032ad        0x3 
 .rodata.SNAKE_vDrawBoard.str1.4
                0x080032b0        0x6 ./src/APP/SNAKE/SNAKE_prg.o
 *fill*         0x080032b6        0x2 
 .rodata.GAME_vDrawMenu.str1.4
                0x080032b8        0xd ./src/APP/GAME/GAME_prg.o
 *fill*         0x080032c5        0x3 
 .rodata.GAME_vDrawModeMenu.str1.4
                0x080032c8        0xc ./src/APP/GAME/GAME_prg.o
 .rodata.G_pcGameList
                0x080032d4        0xc ./src/APP/GAME/GAME_prg.o
 .rodata.L_pcModeList.3872
                0x080032e0        0x8 ./src/APP/GAME/GAME_prg.o
 .rodata.str1.4
                0x080032e8       0x2b ./src/APP/GAME/GAME_prg.o
                                 0x37 (size before relaxing)
 .rodata.CONNECT4_vInit.str1.4
                0x08003313        0xa ./src/APP/CONNECT4/CONNECT4_prg.o
 *fill*         0x08003313        0x1 
 .rodata.CONNECT4_vPlay.str1.4
                0x08003314       0x1c ./src/APP/CONNECT4/CONNECT4_prg.o
                                 0x19 (size before relaxing)
 .rodata        0x08003330       0x18 ./src/APP/main.o
 .rodata._svfprintf_r.str1.1
                0x08003348       0x11 c:/users/lenovo/downloads/programs/embedded_tools/03- imt sdk/imt_sdk_win_64/imt_sdk_win_64/winarm/armgcc/bin/../lib/gcc/arm-none-eabi/7.2.1/../../../../arm-none-eabi/lib/thumb/v7-m\libg_nano.a(lib_a-nano-svfprintf.o)
 .rodata._printf_i.str1.1
                0x08003359       0x22 c:/users/lenovo/downloads/programs/embedded_tools/03- imt sdk/imt_sdk_win_64/imt_sdk_win_64/winarm/armgcc/bin/../lib/gcc/arm-none-eabi/7.2.1/../../../../arm-none-eabi/lib/thumb/v7-m\libg_nano.a(lib_a-nano-vfprintf_i.o)
 *(vtable)
 *(.eh_frame*)
 *(.glue_7)
 .glue_7        0x0800337b        0x0 linker stubs
 *(.glue_7t)
 .glue_7t       0x0800337b        0x0 linker stubs

.vfp11_veneer   0x0800337c        0x0
 .vfp11_veneer  0x0800337c        0x0 linker stubs

.v4_bx          0x0800337c        0x0
 .v4_bx         0x0800337c        0x0 linker stubs

.iplt           0x0800337c        0x0
 .iplt          0x0800337c        0x0 ./system/src/newlib/_exit.o

.rel.dyn        0x0800337c        0x0
 .rel.iplt      0x0800337c        0x0 ./system/src/newlib/_exit.o

.ARM.extab
 *(.ARM.extab* .gnu.linkonce.armextab.*)
                0x0800337c                . = ALIGN (0x4)
                0x0800337c                __exidx_start = .

.ARM.exidx
 *(.ARM.exidx* .gnu.linkonce.armexidx.*)
                0x0800337c                __exidx_end = .
                0x0800337c                . = ALIGN (0x4)
                0x0800337c                _etext = .
                0x0800337c                __etext = .

.data_CCMRAM    0x00000000        0x0 load address 0x0800337c
 FILL mask 0xff
 *(.data.CCMRAM .data.CCMRAM.*)
                0x00000000                . = ALIGN (0x4)
                0x0800337c                _sidata = LOADADDR (.data)

.data           0x20000000       0xa0 load address 0x0800337c
 FILL mask 0xff
                0x20000000                _sdata = .
                0x20000000                __data_start__ = .
 *(.data_begin .data_begin.*)
 .data_begin    0x20000000        0x4 ./system/src/newlib/_startup.o
 *(.data .data.*)
 .data.argv.4310
                0x20000004        0x8 ./system/src/newlib/_syscalls.o
 .data.AHBPrescTable
                0x2000000c       0x10 ./system/src/cmsis/system_stm32f10x.o
                0x2000000c                AHBPrescTable
 .data.SystemCoreClock
                0x2000001c        0x4 ./system/src/cmsis/system_stm32f10x.o
                0x2000001c                SystemCoreClock
 .data.TFT_A0   0x20000020        0x7 ./src/HAL/TFT/TFT_prg.o
                0x20000020                TFT_A0
 *fill*         0x20000027        0x1 ff
 .data.TFT_RESET
                0x20000028        0x7 ./src/HAL/TFT/TFT_prg.o
                0x20000028                TFT_RESET
 *fill*         0x2000002f        0x1 ff
 .data.G_u32RandomState
                0x20000030        0x4 ./src/APP/SNAKE/SNAKE_prg.o
 .data.G_u8FullDrawFlag
                0x20000034        0x1 ./src/APP/GAME/GAME_prg.o
 .data.G_u8CurrentPlayer
                0x20000035        0x1 ./src/APP/CONNECT4/CONNECT4_prg.o
 .data.G_u8SelectedCol
                0x20000036        0x1 ./src/APP/CONNECT4/CONNECT4_prg.o
 *fill*         0x20000037        0x1 ff
 .data._impure_ptr
                0x20000038        0x4 c:/users/lenovo/downloads/programs/embedded_tools/03- imt sdk/imt_sdk_win_64/imt_sdk_win_64/winarm/armgcc/bin/../lib/gcc/arm-none-eabi/7.2.1/../../../../arm-none-eabi/lib/thumb/v7-m\libg_nano.a(lib_a-impure.o)
                0x20000038                _impure_ptr
 .data.impure_data
                0x2000003c       0x60 c:/users/lenovo/downloads/programs/embedded_tools/03- imt sdk/imt_sdk_win_64/imt_sdk_win_64/winarm/armgcc/bin/../lib/gcc/arm-none-eabi/7.2.1/../../../../arm-none-eabi/lib/thumb/v7-m\libg_nano.a(lib_a-impure.o)
 *(.data_end .data_end.*)
 .data_end      0x2000009c        0x4 ./system/src/newlib/_startup.o
                0x200000a0                . = ALIGN (0x4)
                0x200000a0                _edata = .
                0x200000a0                __data_end__ = .

.igot.plt       0x200000a0        0x0 load address 0x0800341c
 .igot.plt      0x200000a0        0x0 ./system/src/newlib/_exit.o

.bss_CCMRAM     0x00000000        0x0
 *(.bss.CCMRAM .bss.CCMRAM.*)

.bss            0x200000a0      0x3d0
                0x200000a0                __bss_start__ = .
                0x200000a0                _sbss = .
 *(.bss_begin .bss_begin.*)
 .bss_begin     0x200000a0        0x4 ./system/src/newlib/_startup.o
 *(.bss .bss.*)
 .bss.current_heap_end.3961
                0x200000a4        0x4 ./system/src/newlib/_sbrk.o
 .bss.name.4309
                0x200000a8        0x1 ./system/src/newlib/_syscalls.o
 *fill*         0x200000a9        0x3 
 .bss.buf.5205  0x200000ac       0x80 ./system/src/diag/Trace.o
 .bss.G_pu8TxBuffer
                0x2000012c        0x4 ./src/MCAL/USART/USART_prg.o
                0x2000012c                G_pu8TxBuffer
 .bss.G_u8TxIndex
                0x20000130        0x1 ./src/MCAL/USART/USART_prg.o
                0x20000130                G_u8TxIndex
 .bss.G_u8TxLength
                0x20000131        0x1 ./src/MCAL/USART/USART_prg.o
                0x20000131                G_u8TxLength
 *fill*         0x20000132        0x2 
 .bss.G_FPTR    0x20000134        0x4 ./src/MCAL/SYSTICK/SYSTICK_prg.o
 .bss.G_u8SingleFlag
                0x20000138        0x1 ./src/MCAL/SYSTICK/SYSTICK_prg.o
 *fill*         0x20000139        0x3 
 .bss.G_FPTR    0x2000013c       0x40 ./src/MCAL/EXTI/EXTI_prg.o
 .bss.G_FPTR    0x2000017c       0x1c ./src/MCAL/DMA/DMA_prg.o
 .bss.u16_Xend  0x20000198        0x2 ./src/HAL/TFT/TFT_prg.o
 .bss.u16_Xstart
                0x2000019a        0x2 ./src/HAL/TFT/TFT_prg.o
 .bss.u16_Yend  0x2000019c        0x2 ./src/HAL/TFT/TFT_prg.o
 .bss.u16_Ystart
                0x2000019e        0x2 ./src/HAL/TFT/TFT_prg.o
 .bss.G_u32LastPulse
                0x200001a0        0x4 ./src/HAL/IR/IR_prg.o
 .bss.G_u32LastTimestamp
                0x200001a4        0x4 ./src/HAL/IR/IR_prg.o
 .bss.G_u8BitCount
                0x200001a8        0x1 ./src/HAL/IR/IR_prg.o
 *fill*         0x200001a9        0x3 
 .bss.G_u8Frame
                0x200001ac        0x4 ./src/HAL/IR/IR_prg.o
 .bss.G_xConfig
                0x200001b0       0x10 ./src/HAL/IR/IR_prg.o
 .bss.G_xState  0x200001c0        0x1 ./src/HAL/IR/IR_prg.o
 *fill*         0x200001c1        0x3 
 .bss.G_u8Board
                0x200001c4        0x9 ./src/APP/TICTACTOE/TICTACTOE_prg.o
 .bss.G_u8CurrentPlayer
                0x200001cd        0x1 ./src/APP/TICTACTOE/TICTACTOE_prg.o
 .bss.G_u8CursorCol
                0x200001ce        0x1 ./src/APP/TICTACTOE/TICTACTOE_prg.o
 .bss.G_u8CursorMove
                0x200001cf        0x1 ./src/APP/TICTACTOE/TICTACTOE_prg.o
 .bss.G_u8CursorRow
                0x200001d0        0x1 ./src/APP/TICTACTOE/TICTACTOE_prg.o
 .bss.G_u8ExitFlag
                0x200001d1        0x1 ./src/APP/TICTACTOE/TICTACTOE_prg.o
 .bss.G_u8PlaceFlag
                0x200001d2        0x1 ./src/APP/TICTACTOE/TICTACTOE_prg.o
 *fill*         0x200001d3        0x1 
 .bss.G_u32LastMoveTime
                0x200001d4        0x4 ./src/APP/SNAKE/SNAKE_prg.o
 .bss.G_u32MoveElapsed
                0x200001d8        0x4 ./src/APP/SNAKE/SNAKE_prg.o
 .bss.G_u8Direction
                0x200001dc        0x1 ./src/APP/SNAKE/SNAKE_prg.o
 .bss.G_u8ExitFlag
                0x200001dd        0x1 ./src/APP/SNAKE/SNAKE_prg.o
 .bss.G_u8FoodX
                0x200001de        0x1 ./src/APP/SNAKE/SNAKE_prg.o
 .bss.G_u8FoodY
                0x200001df        0x1 ./src/APP/SNAKE/SNAKE_prg.o
 .bss.G_u8RequestedDirection
                0x200001e0        0x1 ./src/APP/SNAKE/SNAKE_prg.o
 .bss.G_u8SnakeLength
                0x200001e1        0x1 ./src/APP/SNAKE/SNAKE_prg.o
 *fill*         0x200001e2        0x2 
 .bss.G_u8SnakeX
                0x200001e4      0x120 ./src/APP/SNAKE/SNAKE_prg.o
 .bss.G_u8SnakeY
                0x20000304      0x120 ./src/APP/SNAKE/SNAKE_prg.o
 .bss.G_enGameMode
                0x20000424        0x1 ./src/APP/GAME/GAME_prg.o
 .bss.G_u8CurrentSelection
                0x20000425        0x1 ./src/APP/GAME/GAME_prg.o
 .bss.G_u8CurrentState
                0x20000426        0x1 ./src/APP/GAME/GAME_prg.o
 .bss.G_u8IgnoreMenuSelect
                0x20000427        0x1 ./src/APP/GAME/GAME_prg.o
 .bss.G_u8ModeSelection
                0x20000428        0x1 ./src/APP/GAME/GAME_prg.o
 .bss.G_u8ModeUpdateFlag
                0x20000429        0x1 ./src/APP/GAME/GAME_prg.o
 .bss.G_u8PartialUpdateFlag
                0x2000042a        0x1 ./src/APP/GAME/GAME_prg.o
 .bss.G_u8PreviousModeSelection
                0x2000042b        0x1 ./src/APP/GAME/GAME_prg.o
 .bss.G_u8PreviousSelection
                0x2000042c        0x1 ./src/APP/GAME/GAME_prg.o
 *fill*         0x2000042d        0x3 
 .bss.G_u8Board
                0x20000430       0x2a ./src/APP/CONNECT4/CONNECT4_prg.o
 .bss.G_u8CursorMoveFlag
                0x2000045a        0x1 ./src/APP/CONNECT4/CONNECT4_prg.o
 .bss.G_u8DropCoinFlag
                0x2000045b        0x1 ./src/APP/CONNECT4/CONNECT4_prg.o
 .bss.G_u8ExitGameFlag
                0x2000045c        0x1 ./src/APP/CONNECT4/CONNECT4_prg.o
 *fill*         0x2000045d        0x3 
 .bss.__malloc_free_list
                0x20000460        0x4 c:/users/lenovo/downloads/programs/embedded_tools/03- imt sdk/imt_sdk_win_64/imt_sdk_win_64/winarm/armgcc/bin/../lib/gcc/arm-none-eabi/7.2.1/../../../../arm-none-eabi/lib/thumb/v7-m\libg_nano.a(lib_a-nano-mallocr.o)
                0x20000460                __malloc_free_list
 .bss.__malloc_sbrk_start
                0x20000464        0x4 c:/users/lenovo/downloads/programs/embedded_tools/03- imt sdk/imt_sdk_win_64/imt_sdk_win_64/winarm/armgcc/bin/../lib/gcc/arm-none-eabi/7.2.1/../../../../arm-none-eabi/lib/thumb/v7-m\libg_nano.a(lib_a-nano-mallocr.o)
                0x20000464                __malloc_sbrk_start
 *(COMMON)
 COMMON         0x20000468        0x4 ./system/src/newlib/_syscalls.o
                0x20000468                errno
 *(.bss_end .bss_end.*)
 .bss_end       0x2000046c        0x4 ./system/src/newlib/_startup.o
                0x20000470                . = ALIGN (0x4)
                0x20000470                __bss_end__ = .
                0x20000470                _ebss = .

.noinit_CCMRAM
 *(.noinit.CCMRAM .noinit.CCMRAM.*)

.noinit         0x20000470        0x0
                0x20000470                _noinit = .
 *(.noinit .noinit.*)
                0x20000470                . = ALIGN (0x4)
                0x20000470                _end_noinit = .
                [!provide]                PROVIDE (end, _end_noinit)
                [!provide]                PROVIDE (_end, _end_noinit)
                [!provide]                PROVIDE (__end, _end_noinit)
                [!provide]                PROVIDE (__end__, _end_noinit)

._check_stack   0x20000470      0x100
                0x20000570                . = (. + _Minimum_Stack_Size)
 *fill*         0x20000470      0x100 

.b1text
 *(.b1text)
 *(.b1rodata)
 *(.b1rodata.*)

.eb0text
 *(.eb0text)
 *(.eb0rodata)
 *(.eb0rodata.*)

.eb1text
 *(.eb1text)
 *(.eb1rodata)
 *(.eb1rodata.*)

.eb2text
 *(.eb2text)
 *(.eb2rodata)
 *(.eb2rodata.*)

.eb3text
 *(.eb3text)
 *(.eb3rodata)
 *(.eb3rodata.*)

.stab
 *(.stab)

.stabstr
 *(.stabstr)

.stab.excl
 *(.stab.excl)

.stab.exclstr
 *(.stab.exclstr)

.stab.index
 *(.stab.index)

.stab.indexstr
 *(.stab.indexstr)

.comment        0x00000000       0x7e
 *(.comment)
 .comment       0x00000000       0x7e ./system/src/newlib/_exit.o
                                 0x7f (size before relaxing)
 .comment       0x0000007e       0x7f ./system/src/newlib/_sbrk.o
 .comment       0x0000007e       0x7f ./system/src/newlib/_startup.o
 .comment       0x0000007e       0x7f ./system/src/newlib/_syscalls.o
 .comment       0x0000007e       0x7f ./system/src/diag/Trace.o
 .comment       0x0000007e       0x7f ./system/src/diag/trace_impl.o
 .comment       0x0000007e       0x7f ./system/src/cortexm/_initialize_hardware.o
 .comment       0x0000007e       0x7f ./system/src/cortexm/exception_handlers.o
 .comment       0x0000007e       0x7f ./system/src/cmsis/system_stm32f10x.o
 .comment       0x0000007e       0x7f ./system/src/cmsis/vectors_stm32f10x.o
 .comment       0x0000007e       0x7f ./src/MCAL/USART/USART_prg.o
 .comment       0x0000007e       0x7f ./src/MCAL/TIM/TIM_prg.o
 .comment       0x0000007e       0x7f ./src/MCAL/SYSTICK/SYSTICK_prg.o
 .comment       0x0000007e       0x7f ./src/MCAL/SPI/SPI_prg.o
 .comment       0x0000007e       0x7f ./src/MCAL/RCC/RCC_prg.o
 .comment       0x0000007e       0x7f ./src/MCAL/NVIC/NVIC_prg.o
 .comment       0x0000007e       0x7f ./src/MCAL/GPIO/GPIO_prg.o
 .comment       0x0000007e       0x7f ./src/MCAL/EXTI/EXTI_prg.o
 .comment       0x0000007e       0x7f ./src/MCAL/DMA/DMA_prg.o
 .comment       0x0000007e       0x7f ./src/MCAL/AFIO/AFIO_prg.o
 .comment       0x0000007e       0x7f ./src/HAL/TFT/TFT_prg.o
 .comment       0x0000007e       0x7f ./src/HAL/IR/IR_prg.o
 .comment       0x0000007e       0x7f ./src/APP/TICTACTOE/TICTACTOE_prg.o
 .comment       0x0000007e       0x7f ./src/APP/SNAKE/SNAKE_prg.o
 .comment       0x0000007e       0x7f ./src/APP/GAME/GAME_prg.o
 .comment       0x0000007e       0x7f ./src/APP/CONNECT4/CONNECT4_prg.o
 .comment       0x0000007e       0x7f ./src/APP/main.o

.ARM.attributes
                0x00000000       0x31
 .ARM.attributes
                0x00000000       0x33 ./system/src/newlib/_exit.o
 .ARM.attributes
                0x00000033       0x33 ./system/src/newlib/_sbrk.o
 .ARM.attributes
                0x00000066       0x33 ./system/src/newlib/_startup.o
 .ARM.attributes
                0x00000099       0x33 ./system/src/newlib/_syscalls.o
 .ARM.attributes
                0x000000cc       0x33 ./system/src/diag/Trace.o
 .ARM.attributes
                0x000000ff       0x33 ./system/src/diag/trace_impl.o
 .ARM.attributes
                0x00000132       0x33 ./system/src/cortexm/_initialize_hardware.o
 .ARM.attributes
                0x00000165       0x33 ./system/src/cortexm/exception_handlers.o
 .ARM.attributes
                0x00000198       0x33 ./system/src/cmsis/system_stm32f10x.o
 .ARM.attributes
                0x000001cb       0x33 ./system/src/cmsis/vectors_stm32f10x.o
 .ARM.attributes
                0x000001fe       0x33 ./src/MCAL/USART/USART_prg.o
 .ARM.attributes
                0x00000231       0x33 ./src/MCAL/TIM/TIM_prg.o
 .ARM.attributes
                0x00000264       0x33 ./src/MCAL/SYSTICK/SYSTICK_prg.o
 .ARM.attributes
                0x00000297       0x33 ./src/MCAL/SPI/SPI_prg.o
 .ARM.attributes
                0x000002ca       0x33 ./src/MCAL/RCC/RCC_prg.o
 .ARM.attributes
                0x000002fd       0x33 ./src/MCAL/NVIC/NVIC_prg.o
 .ARM.attributes
                0x00000330       0x33 ./src/MCAL/GPIO/GPIO_prg.o
 .ARM.attributes
                0x00000363       0x33 ./src/MCAL/EXTI/EXTI_prg.o
 .ARM.attributes
                0x00000396       0x33 ./src/MCAL/DMA/DMA_prg.o
 .ARM.attributes
                0x000003c9       0x33 ./src/MCAL/AFIO/AFIO_prg.o
 .ARM.attributes
                0x000003fc       0x33 ./src/HAL/TFT/TFT_prg.o
 .ARM.attributes
                0x0000042f       0x33 ./src/HAL/IR/IR_prg.o
 .ARM.attributes
                0x00000462       0x33 ./src/APP/TICTACTOE/TICTACTOE_prg.o
 .ARM.attributes
                0x00000495       0x33 ./src/APP/SNAKE/SNAKE_prg.o
 .ARM.attributes
                0x000004c8       0x33 ./src/APP/GAME/GAME_prg.o
 .ARM.attributes
                0x000004fb       0x33 ./src/APP/CONNECT4/CONNECT4_prg.o
 .ARM.attributes
                0x0000052e       0x33 ./src/APP/main.o
 .ARM.attributes
                0x00000561       0x2d c:/users/lenovo/downloads/programs/embedded_tools/03- imt sdk/imt_sdk_win_64/imt_sdk_win_64/winarm/armgcc/bin/../lib/gcc/arm-none-eabi/7.2.1/../../../../arm-none-eabi/lib/thumb/v7-m\libg_nano.a(lib_a-errno.o)
 .ARM.attributes
                0x0000058e       0x2d c:/users/lenovo/downloads/programs/embedded_tools/03- imt sdk/imt_sdk_win_64/imt_sdk_win_64/winarm/armgcc/bin/../lib/gcc/arm-none-eabi/7.2.1/../../../../arm-none-eabi/lib/thumb/v7-m\libg_nano.a(lib_a-impure.o)
 .ARM.attributes
                0x000005bb       0x2d c:/users/lenovo/downloads/programs/embedded_tools/03- imt sdk/imt_sdk_win_64/imt_sdk_win_64/winarm/armgcc/bin/../lib/gcc/arm-none-eabi/7.2.1/../../../../arm-none-eabi/lib/thumb/v7-m\libg_nano.a(lib_a-vsnprintf.o)
 .ARM.attributes
                0x000005e8       0x2d c:/users/lenovo/downloads/programs/embedded_tools/03- imt sdk/imt_sdk_win_64/imt_sdk_win_64/winarm/armgcc/bin/../lib/gcc/arm-none-eabi/7.2.1/../../../../arm-none-eabi/lib/thumb/v7-m\libg_nano.a(lib_a-nano-svfprintf.o)
 .ARM.attributes
                0x00000615       0x2d c:/users/lenovo/downloads/programs/embedded_tools/03- imt sdk/imt_sdk_win_64/imt_sdk_win_64/winarm/armgcc/bin/../lib/gcc/arm-none-eabi/7.2.1/../../../../arm-none-eabi/lib/thumb/v7-m\libg_nano.a(lib_a-nano-vfprintf_i.o)
 .ARM.attributes
                0x00000642       0x2d c:/users/lenovo/downloads/programs/embedded_tools/03- imt sdk/imt_sdk_win_64/imt_sdk_win_64/winarm/armgcc/bin/../lib/gcc/arm-none-eabi/7.2.1/../../../../arm-none-eabi/lib/thumb/v7-m\libg_nano.a(lib_a-memchr-stub.o)
 .ARM.attributes
                0x0000066f       0x2d c:/users/lenovo/downloads/programs/embedded_tools/03- imt sdk/imt_sdk_win_64/imt_sdk_win_64/winarm/armgcc/bin/../lib/gcc/arm-none-eabi/7.2.1/../../../../arm-none-eabi/lib/thumb/v7-m\libg_nano.a(lib_a-memcpy-stub.o)
 .ARM.attributes
                0x0000069c       0x2d c:/users/lenovo/downloads/programs/embedded_tools/03- imt sdk/imt_sdk_win_64/imt_sdk_win_64/winarm/armgcc/bin/../lib/gcc/arm-none-eabi/7.2.1/../../../../arm-none-eabi/lib/thumb/v7-m\libg_nano.a(lib_a-memmove.o)
 .ARM.attributes
                0x000006c9       0x2d c:/users/lenovo/downloads/programs/embedded_tools/03- imt sdk/imt_sdk_win_64/imt_sdk_win_64/winarm/armgcc/bin/../lib/gcc/arm-none-eabi/7.2.1/../../../../arm-none-eabi/lib/thumb/v7-m\libg_nano.a(lib_a-nano-freer.o)
 .ARM.attributes
                0x000006f6       0x2d c:/users/lenovo/downloads/programs/embedded_tools/03- imt sdk/imt_sdk_win_64/imt_sdk_win_64/winarm/armgcc/bin/../lib/gcc/arm-none-eabi/7.2.1/../../../../arm-none-eabi/lib/thumb/v7-m\libg_nano.a(lib_a-nano-mallocr.o)
 .ARM.attributes
                0x00000723       0x2d c:/users/lenovo/downloads/programs/embedded_tools/03- imt sdk/imt_sdk_win_64/imt_sdk_win_64/winarm/armgcc/bin/../lib/gcc/arm-none-eabi/7.2.1/../../../../arm-none-eabi/lib/thumb/v7-m\libg_nano.a(lib_a-nano-reallocr.o)
 .ARM.attributes
                0x00000750       0x2d c:/users/lenovo/downloads/programs/embedded_tools/03- imt sdk/imt_sdk_win_64/imt_sdk_win_64/winarm/armgcc/bin/../lib/gcc/arm-none-eabi/7.2.1/../../../../arm-none-eabi/lib/thumb/v7-m\libg_nano.a(lib_a-sbrkr.o)
 .ARM.attributes
                0x0000077d       0x2d c:/users/lenovo/downloads/programs/embedded_tools/03- imt sdk/imt_sdk_win_64/imt_sdk_win_64/winarm/armgcc/bin/../lib/gcc/arm-none-eabi/7.2.1/../../../../arm-none-eabi/lib/thumb/v7-m\libg_nano.a(lib_a-mlock.o)
 .ARM.attributes
                0x000007aa       0x2d c:/users/lenovo/downloads/programs/embedded_tools/03- imt sdk/imt_sdk_win_64/imt_sdk_win_64/winarm/armgcc/bin/../lib/gcc/arm-none-eabi/7.2.1/../../../../arm-none-eabi/lib/thumb/v7-m\libg_nano.a(lib_a-nano-msizer.o)

.debug
 *(.debug)

.line
 *(.line)

.debug_srcinfo
 *(.debug_srcinfo)

.debug_sfnames
 *(.debug_sfnames)

.debug_aranges  0x00000000      0x868
 *(.debug_aranges)
 .debug_aranges
                0x00000000       0x28 ./system/src/newlib/_exit.o
 .debug_aranges
                0x00000028       0x20 ./system/src/newlib/_sbrk.o
 .debug_aranges
                0x00000048       0x40 ./system/src/newlib/_startup.o
 .debug_aranges
                0x00000088       0x30 ./system/src/newlib/_syscalls.o
 .debug_aranges
                0x000000b8       0x38 ./system/src/diag/Trace.o
 .debug_aranges
                0x000000f0       0x30 ./system/src/diag/trace_impl.o
 .debug_aranges
                0x00000120       0x28 ./system/src/cortexm/_initialize_hardware.o
 .debug_aranges
                0x00000148       0x90 ./system/src/cortexm/exception_handlers.o
 .debug_aranges
                0x000001d8       0x38 ./system/src/cmsis/system_stm32f10x.o
 .debug_aranges
                0x00000210       0x20 ./system/src/cmsis/vectors_stm32f10x.o
 .debug_aranges
                0x00000230       0xa0 ./src/MCAL/USART/USART_prg.o
 .debug_aranges
                0x000002d0       0x58 ./src/MCAL/TIM/TIM_prg.o
 .debug_aranges
                0x00000328       0x78 ./src/MCAL/SYSTICK/SYSTICK_prg.o
 .debug_aranges
                0x000003a0       0x28 ./src/MCAL/SPI/SPI_prg.o
 .debug_aranges
                0x000003c8       0x30 ./src/MCAL/RCC/RCC_prg.o
 .debug_aranges
                0x000003f8       0x50 ./src/MCAL/NVIC/NVIC_prg.o
 .debug_aranges
                0x00000448       0x58 ./src/MCAL/GPIO/GPIO_prg.o
 .debug_aranges
                0x000004a0       0x68 ./src/MCAL/EXTI/EXTI_prg.o
 .debug_aranges
                0x00000508       0x48 ./src/MCAL/DMA/DMA_prg.o
 .debug_aranges
                0x00000550       0x20 ./src/MCAL/AFIO/AFIO_prg.o
 .debug_aranges
                0x00000570       0x88 ./src/HAL/TFT/TFT_prg.o
 .debug_aranges
                0x000005f8       0x68 ./src/HAL/IR/IR_prg.o
 .debug_aranges
                0x00000660       0x88 ./src/APP/TICTACTOE/TICTACTOE_prg.o
 .debug_aranges
                0x000006e8       0x78 ./src/APP/SNAKE/SNAKE_prg.o
 .debug_aranges
                0x00000760       0x78 ./src/APP/GAME/GAME_prg.o
 .debug_aranges
                0x000007d8       0x68 ./src/APP/CONNECT4/CONNECT4_prg.o
 .debug_aranges
                0x00000840       0x28 ./src/APP/main.o

.debug_pubnames
 *(.debug_pubnames)

.debug_info     0x00000000     0x95c4
 *(.debug_info .gnu.linkonce.wi.*)
 .debug_info    0x00000000      0x956 ./system/src/newlib/_exit.o
 .debug_info    0x00000956      0x942 ./system/src/newlib/_sbrk.o
 .debug_info    0x00001298      0x42e ./system/src/newlib/_startup.o
 .debug_info    0x000016c6      0xa19 ./system/src/newlib/_syscalls.o
 .debug_info    0x000020df      0xb2a ./system/src/diag/Trace.o
 .debug_info    0x00002c09      0x363 ./system/src/diag/trace_impl.o
 .debug_info    0x00002f6c      0x2b5 ./system/src/cortexm/_initialize_hardware.o
 .debug_info    0x00003221     0x1140 ./system/src/cortexm/exception_handlers.o
 .debug_info    0x00004361      0x494 ./system/src/cmsis/system_stm32f10x.o
 .debug_info    0x000047f5       0xca ./system/src/cmsis/vectors_stm32f10x.o
 .debug_info    0x000048bf      0x3b6 ./src/MCAL/USART/USART_prg.o
 .debug_info    0x00004c75      0x3cd ./src/MCAL/TIM/TIM_prg.o
 .debug_info    0x00005042      0x3b0 ./src/MCAL/SYSTICK/SYSTICK_prg.o
 .debug_info    0x000053f2      0x137 ./src/MCAL/SPI/SPI_prg.o
 .debug_info    0x00005529      0x182 ./src/MCAL/RCC/RCC_prg.o
 .debug_info    0x000056ab      0x2f7 ./src/MCAL/NVIC/NVIC_prg.o
 .debug_info    0x000059a2      0x436 ./src/MCAL/GPIO/GPIO_prg.o
 .debug_info    0x00005dd8      0x298 ./src/MCAL/EXTI/EXTI_prg.o
 .debug_info    0x00006070      0x2bd ./src/MCAL/DMA/DMA_prg.o
 .debug_info    0x0000632d      0x115 ./src/MCAL/AFIO/AFIO_prg.o
 .debug_info    0x00006442      0xcd6 ./src/HAL/TFT/TFT_prg.o
 .debug_info    0x00007118      0x507 ./src/HAL/IR/IR_prg.o
 .debug_info    0x0000761f      0x707 ./src/APP/TICTACTOE/TICTACTOE_prg.o
 .debug_info    0x00007d26      0x5d3 ./src/APP/SNAKE/SNAKE_prg.o
 .debug_info    0x000082f9      0x8c3 ./src/APP/GAME/GAME_prg.o
 .debug_info    0x00008bbc      0x552 ./src/APP/CONNECT4/CONNECT4_prg.o
 .debug_info    0x0000910e      0x4b6 ./src/APP/main.o

.debug_abbrev   0x00000000     0x2706
 *(.debug_abbrev)
 .debug_abbrev  0x00000000      0x1f3 ./system/src/newlib/_exit.o
 .debug_abbrev  0x000001f3      0x1fc ./system/src/newlib/_sbrk.o
 .debug_abbrev  0x000003ef      0x1b3 ./system/src/newlib/_startup.o
 .debug_abbrev  0x000005a2      0x234 ./system/src/newlib/_syscalls.o
 .debug_abbrev  0x000007d6      0x276 ./system/src/diag/Trace.o
 .debug_abbrev  0x00000a4c      0x1e2 ./system/src/diag/trace_impl.o
 .debug_abbrev  0x00000c2e       0xea ./system/src/cortexm/_initialize_hardware.o
 .debug_abbrev  0x00000d18      0x32b ./system/src/cortexm/exception_handlers.o
 .debug_abbrev  0x00001043      0x177 ./system/src/cmsis/system_stm32f10x.o
 .debug_abbrev  0x000011ba       0x9d ./system/src/cmsis/vectors_stm32f10x.o
 .debug_abbrev  0x00001257      0x161 ./src/MCAL/USART/USART_prg.o
 .debug_abbrev  0x000013b8      0x159 ./src/MCAL/TIM/TIM_prg.o
 .debug_abbrev  0x00001511      0x13b ./src/MCAL/SYSTICK/SYSTICK_prg.o
 .debug_abbrev  0x0000164c       0xaa ./src/MCAL/SPI/SPI_prg.o
 .debug_abbrev  0x000016f6       0xa8 ./src/MCAL/RCC/RCC_prg.o
 .debug_abbrev  0x0000179e      0x119 ./src/MCAL/NVIC/NVIC_prg.o
 .debug_abbrev  0x000018b7      0x148 ./src/MCAL/GPIO/GPIO_prg.o
 .debug_abbrev  0x000019ff      0x11a ./src/MCAL/EXTI/EXTI_prg.o
 .debug_abbrev  0x00001b19      0x11a ./src/MCAL/DMA/DMA_prg.o
 .debug_abbrev  0x00001c33       0x91 ./src/MCAL/AFIO/AFIO_prg.o
 .debug_abbrev  0x00001cc4      0x1eb ./src/HAL/TFT/TFT_prg.o
 .debug_abbrev  0x00001eaf      0x1b4 ./src/HAL/IR/IR_prg.o
 .debug_abbrev  0x00002063      0x143 ./src/APP/TICTACTOE/TICTACTOE_prg.o
 .debug_abbrev  0x000021a6      0x142 ./src/APP/SNAKE/SNAKE_prg.o
 .debug_abbrev  0x000022e8      0x184 ./src/APP/GAME/GAME_prg.o
 .debug_abbrev  0x0000246c      0x152 ./src/APP/CONNECT4/CONNECT4_prg.o
 .debug_abbrev  0x000025be      0x148 ./src/APP/main.o

.debug_line     0x00000000     0x52ae
 *(.debug_line)
 .debug_line    0x00000000      0x41f ./system/src/newlib/_exit.o
 .debug_line    0x0000041f      0x3d3 ./system/src/newlib/_sbrk.o
 .debug_line    0x000007f2      0x48d ./system/src/newlib/_startup.o
 .debug_line    0x00000c7f      0x51d ./system/src/newlib/_syscalls.o
 .debug_line    0x0000119c      0x49b ./system/src/diag/Trace.o
 .debug_line    0x00001637      0x708 ./system/src/diag/trace_impl.o
 .debug_line    0x00001d3f      0x3a8 ./system/src/cortexm/_initialize_hardware.o
 .debug_line    0x000020e7      0x7ca ./system/src/cortexm/exception_handlers.o
 .debug_line    0x000028b1      0x41b ./system/src/cmsis/system_stm32f10x.o
 .debug_line    0x00002ccc      0x134 ./system/src/cmsis/vectors_stm32f10x.o
 .debug_line    0x00002e00      0x21e ./src/MCAL/USART/USART_prg.o
 .debug_line    0x0000301e      0x14c ./src/MCAL/TIM/TIM_prg.o
 .debug_line    0x0000316a      0x19d ./src/MCAL/SYSTICK/SYSTICK_prg.o
 .debug_line    0x00003307       0xd0 ./src/MCAL/SPI/SPI_prg.o
 .debug_line    0x000033d7       0xe1 ./src/MCAL/RCC/RCC_prg.o
 .debug_line    0x000034b8      0x111 ./src/MCAL/NVIC/NVIC_prg.o
 .debug_line    0x000035c9      0x1c7 ./src/MCAL/GPIO/GPIO_prg.o
 .debug_line    0x00003790      0x150 ./src/MCAL/EXTI/EXTI_prg.o
 .debug_line    0x000038e0      0x11b ./src/MCAL/DMA/DMA_prg.o
 .debug_line    0x000039fb       0xbb ./src/MCAL/AFIO/AFIO_prg.o
 .debug_line    0x00003ab6      0x356 ./src/HAL/TFT/TFT_prg.o
 .debug_line    0x00003e0c      0x2b7 ./src/HAL/IR/IR_prg.o
 .debug_line    0x000040c3      0x3bf ./src/APP/TICTACTOE/TICTACTOE_prg.o
 .debug_line    0x00004482      0x350 ./src/APP/SNAKE/SNAKE_prg.o
 .debug_line    0x000047d2      0x4c2 ./src/APP/GAME/GAME_prg.o
 .debug_line    0x00004c94      0x3e9 ./src/APP/CONNECT4/CONNECT4_prg.o
 .debug_line    0x0000507d      0x231 ./src/APP/main.o

.debug_frame    0x00000000     0x1598
 *(.debug_frame)
 .debug_frame   0x00000000       0x38 ./system/src/newlib/_exit.o
 .debug_frame   0x00000038       0x28 ./system/src/newlib/_sbrk.o
 .debug_frame   0x00000060       0x7c ./system/src/newlib/_startup.o
 .debug_frame   0x000000dc       0x50 ./system/src/newlib/_syscalls.o
 .debug_frame   0x0000012c       0x94 ./system/src/diag/Trace.o
 .debug_frame   0x000001c0       0x64 ./system/src/diag/trace_impl.o
 .debug_frame   0x00000224       0x40 ./system/src/cortexm/_initialize_hardware.o
 .debug_frame   0x00000264      0x158 ./system/src/cortexm/exception_handlers.o
 .debug_frame   0x000003bc       0x6c ./system/src/cmsis/system_stm32f10x.o
 .debug_frame   0x00000428       0x20 ./system/src/cmsis/vectors_stm32f10x.o
 .debug_frame   0x00000448      0x144 ./src/MCAL/USART/USART_prg.o
 .debug_frame   0x0000058c       0xb4 ./src/MCAL/TIM/TIM_prg.o
 .debug_frame   0x00000640      0x108 ./src/MCAL/SYSTICK/SYSTICK_prg.o
 .debug_frame   0x00000748       0x30 ./src/MCAL/SPI/SPI_prg.o
 .debug_frame   0x00000778       0x40 ./src/MCAL/RCC/RCC_prg.o
 .debug_frame   0x000007b8       0xb0 ./src/MCAL/NVIC/NVIC_prg.o
 .debug_frame   0x00000868       0xb4 ./src/MCAL/GPIO/GPIO_prg.o
 .debug_frame   0x0000091c       0xd0 ./src/MCAL/EXTI/EXTI_prg.o
 .debug_frame   0x000009ec       0xac ./src/MCAL/DMA/DMA_prg.o
 .debug_frame   0x00000a98       0x2c ./src/MCAL/AFIO/AFIO_prg.o
 .debug_frame   0x00000ac4      0x1c0 ./src/HAL/TFT/TFT_prg.o
 .debug_frame   0x00000c84       0xfc ./src/HAL/IR/IR_prg.o
 .debug_frame   0x00000d80      0x164 ./src/APP/TICTACTOE/TICTACTOE_prg.o
 .debug_frame   0x00000ee4      0x12c ./src/APP/SNAKE/SNAKE_prg.o
 .debug_frame   0x00001010      0x150 ./src/APP/GAME/GAME_prg.o
 .debug_frame   0x00001160      0x104 ./src/APP/CONNECT4/CONNECT4_prg.o
 .debug_frame   0x00001264       0x44 ./src/APP/main.o
 .debug_frame   0x000012a8       0x20 c:/users/lenovo/downloads/programs/embedded_tools/03- imt sdk/imt_sdk_win_64/imt_sdk_win_64/winarm/armgcc/bin/../lib/gcc/arm-none-eabi/7.2.1/../../../../arm-none-eabi/lib/thumb/v7-m\libg_nano.a(lib_a-errno.o)
 .debug_frame   0x000012c8       0x4c c:/users/lenovo/downloads/programs/embedded_tools/03- imt sdk/imt_sdk_win_64/imt_sdk_win_64/winarm/armgcc/bin/../lib/gcc/arm-none-eabi/7.2.1/../../../../arm-none-eabi/lib/thumb/v7-m\libg_nano.a(lib_a-vsnprintf.o)
 .debug_frame   0x00001314       0x90 c:/users/lenovo/downloads/programs/embedded_tools/03- imt sdk/imt_sdk_win_64/imt_sdk_win_64/winarm/armgcc/bin/../lib/gcc/arm-none-eabi/7.2.1/../../../../arm-none-eabi/lib/thumb/v7-m\libg_nano.a(lib_a-nano-svfprintf.o)
 .debug_frame   0x000013a4       0x60 c:/users/lenovo/downloads/programs/embedded_tools/03- imt sdk/imt_sdk_win_64/imt_sdk_win_64/winarm/armgcc/bin/../lib/gcc/arm-none-eabi/7.2.1/../../../../arm-none-eabi/lib/thumb/v7-m\libg_nano.a(lib_a-nano-vfprintf_i.o)
 .debug_frame   0x00001404       0x28 c:/users/lenovo/downloads/programs/embedded_tools/03- imt sdk/imt_sdk_win_64/imt_sdk_win_64/winarm/armgcc/bin/../lib/gcc/arm-none-eabi/7.2.1/../../../../arm-none-eabi/lib/thumb/v7-m\libg_nano.a(lib_a-memchr-stub.o)
 .debug_frame   0x0000142c       0x28 c:/users/lenovo/downloads/programs/embedded_tools/03- imt sdk/imt_sdk_win_64/imt_sdk_win_64/winarm/armgcc/bin/../lib/gcc/arm-none-eabi/7.2.1/../../../../arm-none-eabi/lib/thumb/v7-m\libg_nano.a(lib_a-memcpy-stub.o)
 .debug_frame   0x00001454       0x28 c:/users/lenovo/downloads/programs/embedded_tools/03- imt sdk/imt_sdk_win_64/imt_sdk_win_64/winarm/armgcc/bin/../lib/gcc/arm-none-eabi/7.2.1/../../../../arm-none-eabi/lib/thumb/v7-m\libg_nano.a(lib_a-memmove.o)
 .debug_frame   0x0000147c       0x38 c:/users/lenovo/downloads/programs/embedded_tools/03- imt sdk/imt_sdk_win_64/imt_sdk_win_64/winarm/armgcc/bin/../lib/gcc/arm-none-eabi/7.2.1/../../../../arm-none-eabi/lib/thumb/v7-m\libg_nano.a(lib_a-nano-freer.o)
 .debug_frame   0x000014b4       0x2c c:/users/lenovo/downloads/programs/embedded_tools/03- imt sdk/imt_sdk_win_64/imt_sdk_win_64/winarm/armgcc/bin/../lib/gcc/arm-none-eabi/7.2.1/../../../../arm-none-eabi/lib/thumb/v7-m\libg_nano.a(lib_a-nano-mallocr.o)
 .debug_frame   0x000014e0       0x3c c:/users/lenovo/downloads/programs/embedded_tools/03- imt sdk/imt_sdk_win_64/imt_sdk_win_64/winarm/armgcc/bin/../lib/gcc/arm-none-eabi/7.2.1/../../../../arm-none-eabi/lib/thumb/v7-m\libg_nano.a(lib_a-nano-reallocr.o)
 .debug_frame   0x0000151c       0x2c c:/users/lenovo/downloads/programs/embedded_tools/03- imt sdk/imt_sdk_win_64/imt_sdk_win_64/winarm/armgcc/bin/../lib/gcc/arm-none-eabi/7.2.1/../../../../arm-none-eabi/lib/thumb/v7-m\libg_nano.a(lib_a-sbrkr.o)
 .debug_frame   0x00001548       0x30 c:/users/lenovo/downloads/programs/embedded_tools/03- imt sdk/imt_sdk_win_64/imt_sdk_win_64/winarm/armgcc/bin/../lib/gcc/arm-none-eabi/7.2.1/../../../../arm-none-eabi/lib/thumb/v7-m\libg_nano.a(lib_a-mlock.o)
 .debug_frame   0x00001578       0x20 c:/users/lenovo/downloads/programs/embedded_tools/03- imt sdk/imt_sdk_win_64/imt_sdk_win_64/winarm/armgcc/bin/../lib/gcc/arm-none-eabi/7.2.1/../../../../arm-none-eabi/lib/thumb/v7-m\libg_nano.a(lib_a-nano-msizer.o)

.debug_str      0x00000000    0x58d18
 *(.debug_str)
 .debug_str     0x00000000     0x7d07 ./system/src/newlib/_exit.o
                               0x7eda (size before relaxing)
 .debug_str     0x00007d07      0x4f5 ./system/src/newlib/_sbrk.o
                               0x728c (size before relaxing)
 .debug_str     0x000081fc      0xbbd ./system/src/newlib/_startup.o
                               0x69c7 (size before relaxing)
 .debug_str     0x00008db9      0xe8b ./system/src/newlib/_syscalls.o
                               0x8167 (size before relaxing)
 .debug_str     0x00009c44      0x826 ./system/src/diag/Trace.o
                               0x8652 (size before relaxing)
 .debug_str     0x0000a46a    0x4b2b9 ./system/src/diag/trace_impl.o
                              0x52a38 (size before relaxing)
 .debug_str     0x00055723       0xc4 ./system/src/cortexm/_initialize_hardware.o
                              0x4e829 (size before relaxing)
 .debug_str     0x000557e7      0x1a6 ./system/src/cortexm/exception_handlers.o
                              0x53c5d (size before relaxing)
 .debug_str     0x0005598d      0x109 ./system/src/cmsis/system_stm32f10x.o
                              0x4e8c3 (size before relaxing)
 .debug_str     0x00055a96       0x57 ./system/src/cmsis/vectors_stm32f10x.o
                               0x3868 (size before relaxing)
 .debug_str     0x00055aed      0x508 ./src/MCAL/USART/USART_prg.o
                               0x3299 (size before relaxing)
 .debug_str     0x00055ff5      0x45b ./src/MCAL/TIM/TIM_prg.o
                               0x3341 (size before relaxing)
 .debug_str     0x00056450      0x2ea ./src/MCAL/SYSTICK/SYSTICK_prg.o
                               0x31e0 (size before relaxing)
 .debug_str     0x0005673a      0x15a ./src/MCAL/SPI/SPI_prg.o
                               0x3049 (size before relaxing)
 .debug_str     0x00056894      0x154 ./src/MCAL/RCC/RCC_prg.o
                               0x30b2 (size before relaxing)
 .debug_str     0x000569e8      0x281 ./src/MCAL/NVIC/NVIC_prg.o
                               0x3174 (size before relaxing)
 .debug_str     0x00056c69      0x555 ./src/MCAL/GPIO/GPIO_prg.o
                               0x3456 (size before relaxing)
 .debug_str     0x000571be      0x1ad ./src/MCAL/EXTI/EXTI_prg.o
                               0x30ac (size before relaxing)
 .debug_str     0x0005736b      0x214 ./src/MCAL/DMA/DMA_prg.o
                               0x3118 (size before relaxing)
 .debug_str     0x0005757f      0x114 ./src/MCAL/AFIO/AFIO_prg.o
                               0x301b (size before relaxing)
 .debug_str     0x00057693      0x3df ./src/HAL/TFT/TFT_prg.o
                               0x3687 (size before relaxing)
 .debug_str     0x00057a72      0x51b ./src/HAL/IR/IR_prg.o
                               0x3854 (size before relaxing)
 .debug_str     0x00057f8d      0x33e ./src/APP/TICTACTOE/TICTACTOE_prg.o
                               0x3814 (size before relaxing)
 .debug_str     0x000582cb      0x30e ./src/APP/SNAKE/SNAKE_prg.o
                               0x3551 (size before relaxing)
 .debug_str     0x000585d9      0x465 ./src/APP/GAME/GAME_prg.o
                               0x3899 (size before relaxing)
 .debug_str     0x00058a3e      0x1e3 ./src/APP/CONNECT4/CONNECT4_prg.o
                               0x388f (size before relaxing)
 .debug_str     0x00058c21       0xf7 ./src/APP/main.o
                               0x3811 (size before relaxing)

.debug_loc      0x00000000     0x314e
 *(.debug_loc)
 .debug_loc     0x00000000       0x85 ./system/src/newlib/_sbrk.o
 .debug_loc     0x00000085      0x1a9 ./system/src/newlib/_startup.o
 .debug_loc     0x0000022e       0x63 ./system/src/newlib/_syscalls.o
 .debug_loc     0x00000291       0xf6 ./system/src/diag/Trace.o
 .debug_loc     0x00000387      0x121 ./system/src/diag/trace_impl.o
 .debug_loc     0x000004a8      0x291 ./system/src/cortexm/exception_handlers.o
 .debug_loc     0x00000739       0xdf ./system/src/cmsis/system_stm32f10x.o
 .debug_loc     0x00000818      0x13e ./src/MCAL/USART/USART_prg.o
 .debug_loc     0x00000956       0xc3 ./src/MCAL/TIM/TIM_prg.o
 .debug_loc     0x00000a19      0x242 ./src/MCAL/SYSTICK/SYSTICK_prg.o
 .debug_loc     0x00000c5b       0x21 ./src/MCAL/SPI/SPI_prg.o
 .debug_loc     0x00000c7c      0x14c ./src/MCAL/RCC/RCC_prg.o
 .debug_loc     0x00000dc8      0x1df ./src/MCAL/NVIC/NVIC_prg.o
 .debug_loc     0x00000fa7      0x979 ./src/MCAL/GPIO/GPIO_prg.o
 .debug_loc     0x00001920      0x109 ./src/MCAL/EXTI/EXTI_prg.o
 .debug_loc     0x00001a29       0xce ./src/MCAL/DMA/DMA_prg.o
 .debug_loc     0x00001af7       0x42 ./src/MCAL/AFIO/AFIO_prg.o
 .debug_loc     0x00001b39      0x6fc ./src/HAL/TFT/TFT_prg.o
 .debug_loc     0x00002235      0x1a5 ./src/HAL/IR/IR_prg.o
 .debug_loc     0x000023da      0x454 ./src/APP/TICTACTOE/TICTACTOE_prg.o
 .debug_loc     0x0000282e      0x2b9 ./src/APP/SNAKE/SNAKE_prg.o
 .debug_loc     0x00002ae7      0x314 ./src/APP/GAME/GAME_prg.o
 .debug_loc     0x00002dfb      0x311 ./src/APP/CONNECT4/CONNECT4_prg.o
 .debug_loc     0x0000310c       0x42 ./src/APP/main.o

.debug_macinfo
 *(.debug_macinfo)

.debug_weaknames
 *(.debug_weaknames)

.debug_funcnames
 *(.debug_funcnames)

.debug_typenames
 *(.debug_typenames)

.debug_varnames
 *(.debug_varnames)
OUTPUT(M3_labs.elf elf32-littlearm)

.debug_ranges   0x00000000      0x778
 .debug_ranges  0x00000000       0x18 ./system/src/newlib/_exit.o
 .debug_ranges  0x00000018       0x10 ./system/src/newlib/_sbrk.o
 .debug_ranges  0x00000028       0x78 ./system/src/newlib/_startup.o
 .debug_ranges  0x000000a0       0x20 ./system/src/newlib/_syscalls.o
 .debug_ranges  0x000000c0       0x28 ./system/src/diag/Trace.o
 .debug_ranges  0x000000e8       0x50 ./system/src/diag/trace_impl.o
 .debug_ranges  0x00000138       0x18 ./system/src/cortexm/_initialize_hardware.o
 .debug_ranges  0x00000150       0x80 ./system/src/cortexm/exception_handlers.o
 .debug_ranges  0x000001d0       0x28 ./system/src/cmsis/system_stm32f10x.o
 .debug_ranges  0x000001f8       0x10 ./system/src/cmsis/vectors_stm32f10x.o
 .debug_ranges  0x00000208       0x90 ./src/MCAL/USART/USART_prg.o
 .debug_ranges  0x00000298       0x48 ./src/MCAL/TIM/TIM_prg.o
 .debug_ranges  0x000002e0       0x68 ./src/MCAL/SYSTICK/SYSTICK_prg.o
 .debug_ranges  0x00000348       0x18 ./src/MCAL/SPI/SPI_prg.o
 .debug_ranges  0x00000360       0x20 ./src/MCAL/RCC/RCC_prg.o
 .debug_ranges  0x00000380       0x40 ./src/MCAL/NVIC/NVIC_prg.o
 .debug_ranges  0x000003c0       0x60 ./src/MCAL/GPIO/GPIO_prg.o
 .debug_ranges  0x00000420       0x58 ./src/MCAL/EXTI/EXTI_prg.o
 .debug_ranges  0x00000478       0x38 ./src/MCAL/DMA/DMA_prg.o
 .debug_ranges  0x000004b0       0x10 ./src/MCAL/AFIO/AFIO_prg.o
 .debug_ranges  0x000004c0       0x90 ./src/HAL/TFT/TFT_prg.o
 .debug_ranges  0x00000550       0x58 ./src/HAL/IR/IR_prg.o
 .debug_ranges  0x000005a8       0x78 ./src/APP/TICTACTOE/TICTACTOE_prg.o
 .debug_ranges  0x00000620       0x68 ./src/APP/SNAKE/SNAKE_prg.o
 .debug_ranges  0x00000688       0x68 ./src/APP/GAME/GAME_prg.o
 .debug_ranges  0x000006f0       0x70 ./src/APP/CONNECT4/CONNECT4_prg.o
 .debug_ranges  0x00000760       0x18 ./src/APP/main.o

.debug_macro    0x00000000     0x31b1
 .debug_macro   0x00000000      0x1b4 ./system/src/newlib/_exit.o
 .debug_macro   0x000001b4       0x9c ./system/src/newlib/_exit.o
 .debug_macro   0x00000250      0x10e ./system/src/newlib/_exit.o
 .debug_macro   0x0000035e       0x8d ./system/src/newlib/_exit.o
 .debug_macro   0x000003eb       0x43 ./system/src/newlib/_exit.o
 .debug_macro   0x0000042e      0x330 ./system/src/newlib/_exit.o
 .debug_macro   0x0000075e       0x35 ./system/src/newlib/_exit.o
 .debug_macro   0x00000793      0x169 ./system/src/newlib/_sbrk.o
 .debug_macro   0x000008fc      0x174 ./system/src/newlib/_sbrk.o
 .debug_macro   0x00000a70       0x10 ./system/src/newlib/_sbrk.o
 .debug_macro   0x00000a80      0x23b ./system/src/newlib/_sbrk.o
 .debug_macro   0x00000cbb      0x173 ./system/src/newlib/_startup.o
 .debug_macro   0x00000e2e      0x217 ./system/src/newlib/_syscalls.o
 .debug_macro   0x00001045       0x1c ./system/src/newlib/_syscalls.o
 .debug_macro   0x00001061       0x10 ./system/src/newlib/_syscalls.o
 .debug_macro   0x00001071       0x10 ./system/src/newlib/_syscalls.o
 .debug_macro   0x00001081       0x10 ./system/src/newlib/_syscalls.o
 .debug_macro   0x00001091       0x35 ./system/src/newlib/_syscalls.o
 .debug_macro   0x000010c6      0x122 ./system/src/newlib/_syscalls.o
 .debug_macro   0x000011e8       0x88 ./system/src/newlib/_syscalls.o
 .debug_macro   0x00001270       0x2b ./system/src/newlib/_syscalls.o
 .debug_macro   0x0000129b      0x118 ./system/src/newlib/_syscalls.o
 .debug_macro   0x000013b3      0x189 ./system/src/newlib/_syscalls.o
 .debug_macro   0x0000153c       0x16 ./system/src/newlib/_syscalls.o
 .debug_macro   0x00001552      0x1fb ./system/src/diag/Trace.o
 .debug_macro   0x0000174d       0x16 ./system/src/diag/Trace.o
 .debug_macro   0x00001763       0x97 ./system/src/diag/Trace.o
 .debug_macro   0x000017fa       0xfd ./system/src/diag/Trace.o
 .debug_macro   0x000018f7       0x10 ./system/src/diag/Trace.o
 .debug_macro   0x00001907       0x16 ./system/src/diag/Trace.o
 .debug_macro   0x0000191d      0x16f ./system/src/diag/Trace.o
 .debug_macro   0x00001a8c       0x4c ./system/src/diag/Trace.o
 .debug_macro   0x00001ad8       0x16 ./system/src/diag/Trace.o
 .debug_macro   0x00001aee      0x2da ./system/src/diag/trace_impl.o
 .debug_macro   0x00001dc8       0x10 ./system/src/diag/trace_impl.o
 .debug_macro   0x00001dd8       0xcf ./system/src/diag/trace_impl.o
 .debug_macro   0x00001ea7       0xbe ./system/src/diag/trace_impl.o
 .debug_macro   0x00001f65       0x22 ./system/src/diag/trace_impl.o
 .debug_macro   0x00001f87      0x16b ./system/src/cortexm/_initialize_hardware.o
 .debug_macro   0x000020f2      0x324 ./system/src/cortexm/exception_handlers.o
 .debug_macro   0x00002416       0x3b ./system/src/cortexm/exception_handlers.o
 .debug_macro   0x00002451       0x10 ./system/src/cortexm/exception_handlers.o
 .debug_macro   0x00002461      0x16e ./system/src/cmsis/system_stm32f10x.o
 .debug_macro   0x000025cf       0x34 ./system/src/cmsis/vectors_stm32f10x.o
 .debug_macro   0x00002603       0x36 ./src/MCAL/USART/USART_prg.o
 .debug_macro   0x00002639       0x10 ./src/MCAL/USART/USART_prg.o
 .debug_macro   0x00002649       0x2e ./src/MCAL/USART/USART_prg.o
 .debug_macro   0x00002677       0x2e ./src/MCAL/USART/USART_prg.o
 .debug_macro   0x000026a5       0x3e ./src/MCAL/TIM/TIM_prg.o
 .debug_macro   0x000026e3       0x1c ./src/MCAL/TIM/TIM_prg.o
 .debug_macro   0x000026ff       0x40 ./src/MCAL/TIM/TIM_prg.o
 .debug_macro   0x0000273f       0x1c ./src/MCAL/TIM/TIM_prg.o
 .debug_macro   0x0000275b       0x35 ./src/MCAL/SYSTICK/SYSTICK_prg.o
 .debug_macro   0x00002790       0x2e ./src/MCAL/SYSTICK/SYSTICK_prg.o
 .debug_macro   0x000027be       0x22 ./src/MCAL/SYSTICK/SYSTICK_prg.o
 .debug_macro   0x000027e0       0x36 ./src/MCAL/SPI/SPI_prg.o
 .debug_macro   0x00002816       0x5e ./src/MCAL/SPI/SPI_prg.o
 .debug_macro   0x00002874       0x3e ./src/MCAL/RCC/RCC_prg.o
 .debug_macro   0x000028b2       0x46 ./src/MCAL/RCC/RCC_prg.o
 .debug_macro   0x000028f8       0x16 ./src/MCAL/RCC/RCC_prg.o
 .debug_macro   0x0000290e       0x36 ./src/MCAL/NVIC/NVIC_prg.o
 .debug_macro   0x00002944       0x22 ./src/MCAL/NVIC/NVIC_prg.o
 .debug_macro   0x00002966       0x45 ./src/MCAL/GPIO/GPIO_prg.o
 .debug_macro   0x000029ab       0xe8 ./src/MCAL/GPIO/GPIO_prg.o
 .debug_macro   0x00002a93       0x2e ./src/MCAL/GPIO/GPIO_prg.o
 .debug_macro   0x00002ac1       0x35 ./src/MCAL/EXTI/EXTI_prg.o
 .debug_macro   0x00002af6       0x1c ./src/MCAL/EXTI/EXTI_prg.o
 .debug_macro   0x00002b12       0x16 ./src/MCAL/EXTI/EXTI_prg.o
 .debug_macro   0x00002b28       0x40 ./src/MCAL/DMA/DMA_prg.o
 .debug_macro   0x00002b68       0x16 ./src/MCAL/DMA/DMA_prg.o
 .debug_macro   0x00002b7e       0x35 ./src/MCAL/AFIO/AFIO_prg.o
 .debug_macro   0x00002bb3       0x1c ./src/MCAL/AFIO/AFIO_prg.o
 .debug_macro   0x00002bcf       0x16 ./src/MCAL/AFIO/AFIO_prg.o
 .debug_macro   0x00002be5       0x5c ./src/HAL/TFT/TFT_prg.o
 .debug_macro   0x00002c41       0x16 ./src/HAL/TFT/TFT_prg.o
 .debug_macro   0x00002c57       0x7c ./src/HAL/TFT/TFT_prg.o
 .debug_macro   0x00002cd3       0x6d ./src/HAL/IR/IR_prg.o
 .debug_macro   0x00002d40       0xa6 ./src/HAL/IR/IR_prg.o
 .debug_macro   0x00002de6       0x2e ./src/HAL/IR/IR_prg.o
 .debug_macro   0x00002e14       0x98 ./src/APP/TICTACTOE/TICTACTOE_prg.o
 .debug_macro   0x00002eac       0xa0 ./src/APP/TICTACTOE/TICTACTOE_prg.o
 .debug_macro   0x00002f4c       0x95 ./src/APP/SNAKE/SNAKE_prg.o
 .debug_macro   0x00002fe1       0xa1 ./src/APP/GAME/GAME_prg.o
 .debug_macro   0x00003082       0x10 ./src/APP/GAME/GAME_prg.o
 .debug_macro   0x00003092       0x88 ./src/APP/CONNECT4/CONNECT4_prg.o
 .debug_macro   0x0000311a       0x16 ./src/APP/CONNECT4/CONNECT4_prg.o
 .debug_macro   0x00003130       0x81 ./src/APP/main.o
